Archive member included to satisfy reference by file (symbol)

C:/Users/yoshi/.pico-sdk/toolchain/13_2_Rel1/bin/../lib/gcc/arm-none-eabi/13.2.1/thumb/v6-m/nofp\libgcc.a(_dvmd_tls.o)
                              CMakeFiles/Motorsteuerung.dir/C_/Users/yoshi/.pico-sdk/sdk/2.0.0/src/rp2_common/pico_divider/divider_hardware.S.obj (__aeabi_idiv0)
C:/Users/yoshi/.pico-sdk/toolchain/13_2_Rel1/bin/../lib/gcc/arm-none-eabi/13.2.1/thumb/v6-m/nofp\libg.a(libc_a-calloc.o)
                              CMakeFiles/Motorsteuerung.dir/C_/Users/yoshi/.pico-sdk/sdk/2.0.0/src/rp2_common/pico_malloc/malloc.c.obj (calloc)
C:/Users/yoshi/.pico-sdk/toolchain/13_2_Rel1/bin/../lib/gcc/arm-none-eabi/13.2.1/thumb/v6-m/nofp\libg.a(libc_a-callocr.o)
                              C:/Users/yoshi/.pico-sdk/toolchain/13_2_Rel1/bin/../lib/gcc/arm-none-eabi/13.2.1/thumb/v6-m/nofp\libg.a(libc_a-calloc.o) (_calloc_r)
C:/Users/yoshi/.pico-sdk/toolchain/13_2_Rel1/bin/../lib/gcc/arm-none-eabi/13.2.1/thumb/v6-m/nofp\libg.a(libc_a-malloc.o)
                              CMakeFiles/Motorsteuerung.dir/C_/Users/yoshi/.pico-sdk/sdk/2.0.0/src/rp2_common/pico_malloc/malloc.c.obj (malloc)
C:/Users/yoshi/.pico-sdk/toolchain/13_2_Rel1/bin/../lib/gcc/arm-none-eabi/13.2.1/thumb/v6-m/nofp\libg.a(libc_a-mallocr.o)
                              C:/Users/yoshi/.pico-sdk/toolchain/13_2_Rel1/bin/../lib/gcc/arm-none-eabi/13.2.1/thumb/v6-m/nofp\libg.a(libc_a-callocr.o) (_malloc_r)
C:/Users/yoshi/.pico-sdk/toolchain/13_2_Rel1/bin/../lib/gcc/arm-none-eabi/13.2.1/thumb/v6-m/nofp\libg.a(libc_a-mlock.o)
                              C:/Users/yoshi/.pico-sdk/toolchain/13_2_Rel1/bin/../lib/gcc/arm-none-eabi/13.2.1/thumb/v6-m/nofp\libg.a(libc_a-mallocr.o) (__malloc_lock)
C:/Users/yoshi/.pico-sdk/toolchain/13_2_Rel1/bin/../lib/gcc/arm-none-eabi/13.2.1/thumb/v6-m/nofp\libg.a(libc_a-realloc.o)
                              CMakeFiles/Motorsteuerung.dir/C_/Users/yoshi/.pico-sdk/sdk/2.0.0/src/rp2_common/pico_malloc/malloc.c.obj (realloc)
C:/Users/yoshi/.pico-sdk/toolchain/13_2_Rel1/bin/../lib/gcc/arm-none-eabi/13.2.1/thumb/v6-m/nofp\libg.a(libc_a-reallocr.o)
                              C:/Users/yoshi/.pico-sdk/toolchain/13_2_Rel1/bin/../lib/gcc/arm-none-eabi/13.2.1/thumb/v6-m/nofp\libg.a(libc_a-realloc.o) (_realloc_r)
C:/Users/yoshi/.pico-sdk/toolchain/13_2_Rel1/bin/../lib/gcc/arm-none-eabi/13.2.1/thumb/v6-m/nofp\libg.a(libc_a-ctype_.o)
                              CMakeFiles/Motorsteuerung.dir/C_/Users/yoshi/.pico-sdk/sdk/2.0.0/lib/tinyusb/src/tusb.c.obj (_ctype_)
C:/Users/yoshi/.pico-sdk/toolchain/13_2_Rel1/bin/../lib/gcc/arm-none-eabi/13.2.1/thumb/v6-m/nofp\libg.a(libc_a-memcmp.o)
                              CMakeFiles/Motorsteuerung.dir/C_/Users/yoshi/.pico-sdk/sdk/2.0.0/src/rp2_common/pico_atomic/atomic.c.obj (memcmp)
C:/Users/yoshi/.pico-sdk/toolchain/13_2_Rel1/bin/../lib/gcc/arm-none-eabi/13.2.1/thumb/v6-m/nofp\libg.a(libc_a-memmove.o)
                              C:/Users/yoshi/.pico-sdk/toolchain/13_2_Rel1/bin/../lib/gcc/arm-none-eabi/13.2.1/thumb/v6-m/nofp\libg.a(libc_a-reallocr.o) (memmove)
C:/Users/yoshi/.pico-sdk/toolchain/13_2_Rel1/bin/../lib/gcc/arm-none-eabi/13.2.1/thumb/v6-m/nofp\libg.a(libc_a-lcltime_r.o)
                              CMakeFiles/Motorsteuerung.dir/C_/Users/yoshi/.pico-sdk/sdk/2.0.0/src/common/pico_util/datetime.c.obj (localtime_r)
C:/Users/yoshi/.pico-sdk/toolchain/13_2_Rel1/bin/../lib/gcc/arm-none-eabi/13.2.1/thumb/v6-m/nofp\libg.a(libc_a-mktime.o)
                              CMakeFiles/Motorsteuerung.dir/C_/Users/yoshi/.pico-sdk/sdk/2.0.0/src/common/pico_util/datetime.c.obj (mktime)
C:/Users/yoshi/.pico-sdk/toolchain/13_2_Rel1/bin/../lib/gcc/arm-none-eabi/13.2.1/thumb/v6-m/nofp\libg.a(libc_a-month_lengths.o)
                              C:/Users/yoshi/.pico-sdk/toolchain/13_2_Rel1/bin/../lib/gcc/arm-none-eabi/13.2.1/thumb/v6-m/nofp\libg.a(libc_a-lcltime_r.o) (__month_lengths)
C:/Users/yoshi/.pico-sdk/toolchain/13_2_Rel1/bin/../lib/gcc/arm-none-eabi/13.2.1/thumb/v6-m/nofp\libg.a(libc_a-tzcalc_limits.o)
                              C:/Users/yoshi/.pico-sdk/toolchain/13_2_Rel1/bin/../lib/gcc/arm-none-eabi/13.2.1/thumb/v6-m/nofp\libg.a(libc_a-lcltime_r.o) (__tzcalc_limits)
C:/Users/yoshi/.pico-sdk/toolchain/13_2_Rel1/bin/../lib/gcc/arm-none-eabi/13.2.1/thumb/v6-m/nofp\libg.a(libc_a-tzlock.o)
                              C:/Users/yoshi/.pico-sdk/toolchain/13_2_Rel1/bin/../lib/gcc/arm-none-eabi/13.2.1/thumb/v6-m/nofp\libg.a(libc_a-lcltime_r.o) (__tz_lock)
C:/Users/yoshi/.pico-sdk/toolchain/13_2_Rel1/bin/../lib/gcc/arm-none-eabi/13.2.1/thumb/v6-m/nofp\libg.a(libc_a-tzset.o)
                              C:/Users/yoshi/.pico-sdk/toolchain/13_2_Rel1/bin/../lib/gcc/arm-none-eabi/13.2.1/thumb/v6-m/nofp\libg.a(libc_a-lcltime_r.o) (_tzset_unlocked)
C:/Users/yoshi/.pico-sdk/toolchain/13_2_Rel1/bin/../lib/gcc/arm-none-eabi/13.2.1/thumb/v6-m/nofp\libg.a(libc_a-tzset_r.o)
[...]
Memory Configuration

Name             Origin             Length             Attributes
FLASH            0x10000000         0x00200000         xr
RAM              0x20000000         0x00040000         xrw
SCRATCH_X        0x20040000         0x00001000         xrw
SCRATCH_Y        0x20041000         0x00001000         xrw
*default*        0x00000000         0xffffffff

Linker script and memory map

LOAD C:/Users/yoshi/.pico-sdk/toolchain/13_2_Rel1/bin/../lib/gcc/arm-none-eabi/13.2.1/thumb/v6-m/nofp/crti.o
LOAD C:/Users/yoshi/.pico-sdk/toolchain/13_2_Rel1/bin/../lib/gcc/arm-none-eabi/13.2.1/thumb/v6-m/nofp/crtbegin.o
LOAD C:/Users/yoshi/.pico-sdk/toolchain/13_2_Rel1/bin/../lib/gcc/arm-none-eabi/13.2.1/thumb/v6-m/nofp/crt0.o

.flash_begin    0x10000000        0x0
                0x10000000                        __flash_binary_start = .

.boot2          0x10000000      0x100
                0x10000000                        __boot2_start__ = .
 *(.boot2)
 .boot2         0x10000000      0x100 C:\Users\yoshi\AppData\Local\Temp\cccQHsmo.o
                0x10000100                        __boot2_end__ = .
                0x00000001                        ASSERT (((__boot2_end__ - __boot2_start__) == 0x100), ERROR: Pico second stage bootloader must be 256 bytes in size)

.text           0x10000100     0x60d4
                0x10000100                        __logical_binary_start = .
 *(.vectors)
 .vectors       0x10000100       0xd4 CMakeFiles/Motorsteuerung.dir/C_/Users/yoshi/.pico-sdk/sdk/2.0.0/src/rp2_common/pico_crt0/crt0.S.obj
                0x10000100                __VECTOR_TABLE
                0x10000100                __vectors
                0x100001c0                isr_invalid
                0x100001c0                __default_isrs_start
                0x100001c2                isr_nmi
                0x100001c4                isr_hardfault
                0x100001c6                isr_svcall
                0x100001c8                isr_pendsv
                0x100001ca                isr_systick
                0x100001cc                isr_irq23
                0x100001cc                isr_irq18
                0x100001cc                isr_irq11
                0x100001cc                isr_irq28
                0x100001cc                isr_irq19
                0x100001cc                isr_irq0
                0x100001cc                isr_irq6
                0x100001cc                isr_irq5
                0x100001cc                isr_irq12
                0x100001cc                isr_irq22
                0x100001cc                isr_irq31
                0x100001cc                isr_irq17
                0x100001cc                isr_irq27
                0x100001cc                isr_irq30
                0x100001cc                isr_irq2
                0x100001cc                isr_irq10
                0x100001cc                isr_irq8
                0x100001cc                isr_irq24
                0x100001cc                isr_irq1
                0x100001cc                isr_irq7
                0x100001cc                isr_irq21
                0x100001cc                isr_irq20
                0x100001cc                isr_irq15
                0x100001cc                isr_irq25
                0x100001cc                isr_irq13
                0x100001cc                __unhandled_user_irq
                0x100001cc                isr_irq4
                0x100001cc                isr_irq16
                0x100001cc                isr_irq29
                0x100001cc                isr_irq26
                0x100001cc                __default_isrs_end
                0x100001cc                isr_irq3
                0x100001cc                isr_irq14
                0x100001cc                isr_irq9
                0x100001d2                unhandled_user_irq_num_in_r0
 *(.binary_info_header)
 .binary_info_header
                0x100001d4       0x14 CMakeFiles/Motorsteuerung.dir/C_/Users/yoshi/.pico-sdk/sdk/2.0.0/src/rp2_common/pico_crt0/crt0.S.obj
                0x100001e8                        __binary_info_header_end = .
 *(.embedded_block)
                0x100001e8                        __embedded_block_end = .
 *(.reset)
 .reset         0x100001e8       0x9c CMakeFiles/Motorsteuerung.dir/C_/Users/yoshi/.pico-sdk/sdk/2.0.0/src/rp2_common/pico_crt0/crt0.S.obj
                0x100001e8                _entry_point
 *(.init)
 .init          0x10000284        0x4 C:/Users/yoshi/.pico-sdk/toolchain/13_2_Rel1/bin/../lib/gcc/arm-none-eabi/13.2.1/thumb/v6-m/nofp/crti.o
                0x10000284                _init
 *(EXCLUDE_FILE(*libm.a: *libc.a:*lib_a-mem*.o *libgcc.a:) .text*)
 .text.register_tm_clones
                0x10000288       0x28 C:/Users/yoshi/.pico-sdk/toolchain/13_2_Rel1/bin/../lib/gcc/arm-none-eabi/13.2.1/thumb/v6-m/nofp/crtbegin.o
 .text.frame_dummy
                0x100002b0       0x24 C:/Users/yoshi/.pico-sdk/toolchain/13_2_Rel1/bin/../lib/gcc/arm-none-eabi/13.2.1/thumb/v6-m/nofp/crtbegin.o
 .text.pwm_set_chan_level
                0x100002d4       0x40 CMakeFiles/Motorsteuerung.dir/Motorsteuerung.cpp.obj
 .text._Z9setup_pwmjj
                0x10000314       0x50 CMakeFiles/Motorsteuerung.dir/Motorsteuerung.cpp.obj
                0x10000314                setup_pwm(unsigned int, unsigned int)
 .text._Z13set_pwm_levelj
                0x10000364       0x20 CMakeFiles/Motorsteuerung.dir/Motorsteuerung.cpp.obj
                0x10000364                set_pwm_level(unsigned int)
 .text.main     0x10000384       0x48 CMakeFiles/Motorsteuerung.dir/Motorsteuerung.cpp.obj
                0x10000384                main
 .text.gpio_set_function
                0x100003cc       0x34 CMakeFiles/Motorsteuerung.dir/C_/Users/yoshi/.pico-sdk/sdk/2.0.0/src/rp2_common/hardware_gpio/gpio.c.obj
                0x100003cc                gpio_set_function
 .text.rp2040_chip_version
                0x10000400       0x54 CMakeFiles/Motorsteuerung.dir/C_/Users/yoshi/.pico-sdk/sdk/2.0.0/src/rp2040/pico_platform/platform.c.obj
                0x10000400                rp2040_chip_version
 .text.panic    0x10000454       0x30 CMakeFiles/Motorsteuerung.dir/C_/Users/yoshi/.pico-sdk/sdk/2.0.0/src/rp2_common/pico_platform_panic/panic.c.obj
                0x10000454                panic
 .text.hw_claim_lock
                0x10000484       0x18 CMakeFiles/Motorsteuerung.dir/C_/Users/yoshi/.pico-sdk/sdk/2.0.0/src/common/hardware_claim/claim.c.obj
                0x10000484                hw_claim_lock
 .text.hw_claim_unlock
                0x1000049c       0x14 CMakeFiles/Motorsteuerung.dir/C_/Users/yoshi/.pico-sdk/sdk/2.0.0/src/common/hardware_claim/claim.c.obj
                0x1000049c                hw_claim_unlock
 .text.hw_claim_or_assert
                0x100004b0       0x32 CMakeFiles/Motorsteuerung.dir/C_/Users/yoshi/.pico-sdk/sdk/2.0.0/src/common/hardware_claim/claim.c.obj
                0x100004b0                hw_claim_or_assert
 .text.hw_claim_unused_from_range
                0x100004e2       0x50 CMakeFiles/Motorsteuerung.dir/C_/Users/yoshi/.pico-sdk/sdk/2.0.0/src/common/hardware_claim/claim.c.obj
                0x100004e2                hw_claim_unused_from_range
 *fill*         0x10000532        0x2 
 .text.next_striped_spin_lock_num
                0x10000534       0x1c CMakeFiles/Motorsteuerung.dir/C_/Users/yoshi/.pico-sdk/sdk/2.0.0/src/rp2_common/hardware_sync/sync.c.obj
                0x10000534                next_striped_spin_lock_num
 .text.spin_lock_claim_unused
                0x10000550       0x24 CMakeFiles/Motorsteuerung.dir/C_/Users/yoshi/.pico-sdk/sdk/2.0.0/src/rp2_common/hardware_sync/sync.c.obj
                0x10000550                spin_lock_claim_unused
 .text.spin_locks_reset
                0x10000574       0x20 CMakeFiles/Motorsteuerung.dir/C_/Users/yoshi/.pico-sdk/sdk/2.0.0/src/rp2_common/hardware_sync_spin_lock/sync_spin_lock.c.obj
                0x10000574                spin_locks_reset
 .text.set_raw_irq_handler_and_unlock
                0x10000594       0x28 CMakeFiles/Motorsteuerung.dir/C_/Users/yoshi/.pico-sdk/sdk/2.0.0/src/rp2_common/hardware_irq/irq.c.obj
 .text.nvic_ipr0
                0x100005bc        0x8 CMakeFiles/Motorsteuerung.dir/C_/Users/yoshi/.pico-sdk/sdk/2.0.0/src/rp2_common/hardware_irq/irq.c.obj
 .text.runtime_init_per_core_irq_priorities
                0x100005c4       0x1c CMakeFiles/Motorsteuerung.dir/C_/Users/yoshi/.pico-sdk/sdk/2.0.0/src/rp2_common/hardware_irq/irq.c.obj
                0x100005c4                runtime_init_per_core_irq_priorities
 .text.resolve_j_16
                0x100005e0       0x30 CMakeFiles/Motorsteuerung.dir/C_/Users/yoshi/.pico-sdk/sdk/2.0.0/src/rp2_common/hardware_irq/irq.c.obj
 .text.make_j_16
                0x10000610       0x48 CMakeFiles/Motorsteuerung.dir/C_/Users/yoshi/.pico-sdk/sdk/2.0.0/src/rp2_common/hardware_irq/irq.c.obj
 .text.irq_is_enabled
                0x10000658       0x18 CMakeFiles/Motorsteuerung.dir/C_/Users/yoshi/.pico-sdk/sdk/2.0.0/src/rp2_common/hardware_irq/irq.c.obj
                0x10000658                irq_is_enabled
 .text.irq_set_mask_n_enabled
                0x10000670       0x1c CMakeFiles/Motorsteuerung.dir/C_/Users/yoshi/.pico-sdk/sdk/2.0.0/src/rp2_common/hardware_irq/irq.c.obj
                0x10000670                irq_set_mask_n_enabled
 .text.irq_set_enabled
                0x1000068c       0x14 CMakeFiles/Motorsteuerung.dir/C_/Users/yoshi/.pico-sdk/sdk/2.0.0/src/rp2_common/hardware_irq/irq.c.obj
                0x1000068c                irq_set_enabled
 .text.irq_set_pending
                0x100006a0       0x10 CMakeFiles/Motorsteuerung.dir/C_/Users/yoshi/.pico-sdk/sdk/2.0.0/src/rp2_common/hardware_irq/irq.c.obj
                0x100006a0                irq_set_pending
 .text.irq_get_vtable_handler
                0x100006b0       0x10 CMakeFiles/Motorsteuerung.dir/C_/Users/yoshi/.pico-sdk/sdk/2.0.0/src/rp2_common/hardware_irq/irq.c.obj
                0x100006b0                irq_get_vtable_handler
 .text.irq_has_shared_handler
                0x100006c0       0x24 CMakeFiles/Motorsteuerung.dir/C_/Users/yoshi/.pico-sdk/sdk/2.0.0/src/rp2_common/hardware_irq/irq.c.obj
                0x100006c0                irq_has_shared_handler
 .text.irq_set_exclusive_handler
                0x100006e4       0x54 CMakeFiles/Motorsteuerung.dir/C_/Users/yoshi/.pico-sdk/sdk/2.0.0/src/rp2_common/hardware_irq/irq.c.obj
                0x100006e4                irq_set_exclusive_handler
 .text.irq_add_shared_handler
                0x10000738      0x218 CMakeFiles/Motorsteuerung.dir/C_/Users/yoshi/.pico-sdk/sdk/2.0.0/src/rp2_common/hardware_irq/irq.c.obj
                0x10000738                irq_add_shared_handler
 .text.irq_add_tail_to_free_list
                0x10000950       0xf4 CMakeFiles/Motorsteuerung.dir/C_/Users/yoshi/.pico-sdk/sdk/2.0.0/src/rp2_common/hardware_irq/irq.c.obj
                0x10000950                irq_add_tail_to_free_list
 .text.user_irq_claim_unused
                0x10000a44       0x2c CMakeFiles/Motorsteuerung.dir/C_/Users/yoshi/.pico-sdk/sdk/2.0.0/src/rp2_common/hardware_irq/irq.c.obj
                0x10000a44                user_irq_claim_unused
 .text.lock_init
                0x10000a70       0x10 CMakeFiles/Motorsteuerung.dir/C_/Users/yoshi/.pico-sdk/sdk/2.0.0/src/common/pico_sync/lock_core.c.obj
                0x10000a70                lock_init
 .text.mutex_init
                0x10000a80       0x1a CMakeFiles/Motorsteuerung.dir/C_/Users/yoshi/.pico-sdk/sdk/2.0.0/src/common/pico_sync/mutex.c.obj
                0x10000a80                mutex_init
 .text.recursive_mutex_init
                0x10000a9a       0x1e CMakeFiles/Motorsteuerung.dir/C_/Users/yoshi/.pico-sdk/sdk/2.0.0/src/common/pico_sync/mutex.c.obj
                0x10000a9a                recursive_mutex_init
 .text.runtime_init_mutex
                0x10000ab8       0x4c CMakeFiles/Motorsteuerung.dir/C_/Users/yoshi/.pico-sdk/sdk/2.0.0/src/common/pico_sync/mutex.c.obj
                0x10000ab8                runtime_init_mutex
 .text.critical_section_init_with_lock_num
                0x10000b04       0x14 CMakeFiles/Motorsteuerung.dir/C_/Users/yoshi/.pico-sdk/sdk/2.0.0/src/common/pico_sync/critical_section.c.obj
                0x10000b04                critical_section_init_with_lock_num
 .text.critical_section_init
                0x10000b18       0x14 CMakeFiles/Motorsteuerung.dir/C_/Users/yoshi/.pico-sdk/sdk/2.0.0/src/common/pico_sync/critical_section.c.obj
                0x10000b18                critical_section_init
 .text.make_alarm_id
                0x10000b2c        0x6 CMakeFiles/Motorsteuerung.dir/C_/Users/yoshi/.pico-sdk/sdk/2.0.0/src/common/pico_time/time.c.obj
 *fill*         0x10000b32        0x2 
 .text.sleep_until_callback
                0x10000b34       0x30 CMakeFiles/Motorsteuerung.dir/C_/Users/yoshi/.pico-sdk/sdk/2.0.0/src/common/pico_time/time.c.obj
 .text.alarm_pool_irq_handler
                0x10000b64      0x2e0 CMakeFiles/Motorsteuerung.dir/C_/Users/yoshi/.pico-sdk/sdk/2.0.0/src/common/pico_time/time.c.obj
 .text.ta_enable_irq_handler
                0x10000e44       0x2c CMakeFiles/Motorsteuerung.dir/C_/Users/yoshi/.pico-sdk/sdk/2.0.0/src/common/pico_time/time.c.obj
 .text.alarm_pool_post_alloc_init
                0x10000e70       0x78 CMakeFiles/Motorsteuerung.dir/C_/Users/yoshi/.pico-sdk/sdk/2.0.0/src/common/pico_time/time.c.obj
 .text.alarm_pool_get_default
                0x10000ee8       0x2c CMakeFiles/Motorsteuerung.dir/C_/Users/yoshi/.pico-sdk/sdk/2.0.0/src/common/pico_time/time.c.obj
                0x10000ee8                alarm_pool_get_default
 .text.alarm_pool_add_alarm_at_force_in_context
                0x10000f14       0xa4 CMakeFiles/Motorsteuerung.dir/C_/Users/yoshi/.pico-sdk/sdk/2.0.0/src/common/pico_time/time.c.obj
                0x10000f14                alarm_pool_add_alarm_at_force_in_context
 .text.alarm_pool_add_alarm_at
                0x10000fb8       0x3c CMakeFiles/Motorsteuerung.dir/C_/Users/yoshi/.pico-sdk/sdk/2.0.0/src/common/pico_time/time.c.obj
                0x10000fb8                alarm_pool_add_alarm_at
 .text.add_alarm_at
                0x10000ff4       0x2e CMakeFiles/Motorsteuerung.dir/C_/Users/yoshi/.pico-sdk/sdk/2.0.0/src/common/pico_time/time.c.obj
 *fill*         0x10001022        0x2 
 .text.alarm_pool_cancel_alarm
                0x10001024       0x78 CMakeFiles/Motorsteuerung.dir/C_/Users/yoshi/.pico-sdk/sdk/2.0.0/src/common/pico_time/time.c.obj
                0x10001024                alarm_pool_cancel_alarm
 .text.cancel_alarm
                0x1000109c       0x10 CMakeFiles/Motorsteuerung.dir/C_/Users/yoshi/.pico-sdk/sdk/2.0.0/src/common/pico_time/time.c.obj
 .text.alarm_pool_core_num
                0x100010ac        0x4 CMakeFiles/Motorsteuerung.dir/C_/Users/yoshi/.pico-sdk/sdk/2.0.0/src/common/pico_time/time.c.obj
                0x100010ac                alarm_pool_core_num
 .text.sleep_until
                0x100010b0       0xc0 CMakeFiles/Motorsteuerung.dir/C_/Users/yoshi/.pico-sdk/sdk/2.0.0/src/common/pico_time/time.c.obj
                0x100010b0                sleep_until
 .text.sleep_us
                0x10001170       0x24 CMakeFiles/Motorsteuerung.dir/C_/Users/yoshi/.pico-sdk/sdk/2.0.0/src/common/pico_time/time.c.obj
                0x10001170                sleep_us
 .text.sleep_ms
                0x10001194       0x14 CMakeFiles/Motorsteuerung.dir/C_/Users/yoshi/.pico-sdk/sdk/2.0.0/src/common/pico_time/time.c.obj
                0x10001194                sleep_ms
 .text.best_effort_wfe_or_timeout
                0x100011a8       0xc4 CMakeFiles/Motorsteuerung.dir/C_/Users/yoshi/.pico-sdk/sdk/2.0.0/src/common/pico_time/time.c.obj
                0x100011a8                best_effort_wfe_or_timeout
 .text.alarm_pool_get_default_timer
                0x1000126c        0x8 CMakeFiles/Motorsteuerung.dir/C_/Users/yoshi/.pico-sdk/sdk/2.0.0/src/common/pico_time/time.c.obj
                0x1000126c                alarm_pool_get_default_timer
 .text.runtime_init_default_alarm_pool
                0x10001274       0x38 CMakeFiles/Motorsteuerung.dir/C_/Users/yoshi/.pico-sdk/sdk/2.0.0/src/common/pico_time/time.c.obj
                0x10001274                runtime_init_default_alarm_pool
 .text.timer_hardware_alarm_claim
                0x100012ac       0x14 CMakeFiles/Motorsteuerung.dir/C_/Users/yoshi/.pico-sdk/sdk/2.0.0/src/rp2_common/hardware_timer/timer.c.obj
                0x100012ac                timer_hardware_alarm_claim
 .text.timer_time_us_64
                0x100012c0       0x10 CMakeFiles/Motorsteuerung.dir/C_/Users/yoshi/.pico-sdk/sdk/2.0.0/src/rp2_common/hardware_timer/timer.c.obj
                0x100012c0                timer_time_us_64
 .text.timer_busy_wait_until
                0x100012d0       0x1a CMakeFiles/Motorsteuerung.dir/C_/Users/yoshi/.pico-sdk/sdk/2.0.0/src/rp2_common/hardware_timer/timer.c.obj
                0x100012d0                timer_busy_wait_until
 *fill*         0x100012ea        0x2 
 .text.time_us_64
                0x100012ec       0x10 CMakeFiles/Motorsteuerung.dir/C_/Users/yoshi/.pico-sdk/sdk/2.0.0/src/rp2_common/hardware_timer/timer.c.obj
                0x100012ec                time_us_64
 .text.busy_wait_until
                0x100012fc       0x14 CMakeFiles/Motorsteuerung.dir/C_/Users/yoshi/.pico-sdk/sdk/2.0.0/src/rp2_common/hardware_timer/timer.c.obj
                0x100012fc                busy_wait_until
 .text.clock_configure_internal
                0x10001310       0xc4 CMakeFiles/Motorsteuerung.dir/C_/Users/yoshi/.pico-sdk/sdk/2.0.0/src/rp2_common/hardware_clocks/clocks.c.obj
 .text.clock_configure_int_divider
                0x100013d4       0x28 CMakeFiles/Motorsteuerung.dir/C_/Users/yoshi/.pico-sdk/sdk/2.0.0/src/rp2_common/hardware_clocks/clocks.c.obj
                0x100013d4                clock_configure_int_divider
 .text.clock_configure_undivided
                0x100013fc       0x12 CMakeFiles/Motorsteuerung.dir/C_/Users/yoshi/.pico-sdk/sdk/2.0.0/src/rp2_common/hardware_clocks/clocks.c.obj
                0x100013fc                clock_configure_undivided
 *fill*         0x1000140e        0x2 
 .text.clock_get_hz
                0x10001410        0xc CMakeFiles/Motorsteuerung.dir/C_/Users/yoshi/.pico-sdk/sdk/2.0.0/src/rp2_common/hardware_clocks/clocks.c.obj
                0x10001410                clock_get_hz
 .text.pll_init
                0x1000141c      0x124 CMakeFiles/Motorsteuerung.dir/C_/Users/yoshi/.pico-sdk/sdk/2.0.0/src/rp2_common/hardware_pll/pll.c.obj
                0x1000141c                pll_init
 .text.watchdog_update
                0x10001540       0x14 CMakeFiles/Motorsteuerung.dir/C_/Users/yoshi/.pico-sdk/sdk/2.0.0/src/rp2_common/hardware_watchdog/watchdog.c.obj
                0x10001540                watchdog_update
 .text._watchdog_enable
                0x10001554       0x7c CMakeFiles/Motorsteuerung.dir/C_/Users/yoshi/.pico-sdk/sdk/2.0.0/src/rp2_common/hardware_watchdog/watchdog.c.obj
                0x10001554                _watchdog_enable
 .text.watchdog_reboot
                0x100015d0       0x48 CMakeFiles/Motorsteuerung.dir/C_/Users/yoshi/.pico-sdk/sdk/2.0.0/src/rp2_common/hardware_watchdog/watchdog.c.obj
                0x100015d0                watchdog_reboot
 .text.tick_start
                0x10001618       0x10 CMakeFiles/Motorsteuerung.dir/C_/Users/yoshi/.pico-sdk/sdk/2.0.0/src/rp2_common/hardware_ticks/ticks.c.obj
                0x10001618                tick_start
 .text.xosc_init
                0x10001628       0x28 CMakeFiles/Motorsteuerung.dir/C_/Users/yoshi/.pico-sdk/sdk/2.0.0/src/rp2_common/hardware_xosc/xosc.c.obj
                0x10001628                xosc_init
 .text.runtime_run_initializers_from
                0x10001650       0x18 CMakeFiles/Motorsteuerung.dir/C_/Users/yoshi/.pico-sdk/sdk/2.0.0/src/rp2_common/pico_runtime/runtime.c.obj
 .text.first_per_core_initializer
                0x10001668        0x2 CMakeFiles/Motorsteuerung.dir/C_/Users/yoshi/.pico-sdk/sdk/2.0.0/src/rp2_common/pico_runtime/runtime.c.obj
 *fill*         0x1000166a        0x2 
 .text.runtime_run_initializers
                0x1000166c       0x10 CMakeFiles/Motorsteuerung.dir/C_/Users/yoshi/.pico-sdk/sdk/2.0.0/src/rp2_common/pico_runtime/runtime.c.obj
                0x1000166c                runtime_run_initializers
 .text.runtime_init_early_resets
                0x1000167c       0x2c CMakeFiles/Motorsteuerung.dir/C_/Users/yoshi/.pico-sdk/sdk/2.0.0/src/rp2_common/pico_runtime_init/runtime_init.c.obj
                0x1000167c                runtime_init_early_resets
 .text.runtime_init_usb_power_down
                0x100016a8       0x1c CMakeFiles/Motorsteuerung.dir/C_/Users/yoshi/.pico-sdk/sdk/2.0.0/src/rp2_common/pico_runtime_init/runtime_init.c.obj
                0x100016a8                runtime_init_usb_power_down
 .text.runtime_init_post_clock_resets
                0x100016c4       0x20 CMakeFiles/Motorsteuerung.dir/C_/Users/yoshi/.pico-sdk/sdk/2.0.0/src/rp2_common/pico_runtime_init/runtime_init.c.obj
                0x100016c4                runtime_init_post_clock_resets
 .text.runtime_init_rp2040_gpio_ie_disable
                0x100016e4       0x14 CMakeFiles/Motorsteuerung.dir/C_/Users/yoshi/.pico-sdk/sdk/2.0.0/src/rp2_common/pico_runtime_init/runtime_init.c.obj
                0x100016e4                runtime_init_rp2040_gpio_ie_disable
 .text.runtime_init_spin_locks_reset
                0x100016f8        0x8 CMakeFiles/Motorsteuerung.dir/C_/Users/yoshi/.pico-sdk/sdk/2.0.0/src/rp2_common/pico_runtime_init/runtime_init.c.obj
                0x100016f8                runtime_init_spin_locks_reset
 .text.runtime_init_install_ram_vector_table
                0x10001700       0x1c CMakeFiles/Motorsteuerung.dir/C_/Users/yoshi/.pico-sdk/sdk/2.0.0/src/rp2_common/pico_runtime_init/runtime_init.c.obj
                0x10001700                runtime_init_install_ram_vector_table
 .text.start_all_ticks
                0x1000171c       0x28 CMakeFiles/Motorsteuerung.dir/C_/Users/yoshi/.pico-sdk/sdk/2.0.0/src/rp2_common/pico_runtime_init/runtime_init_clocks.c.obj
 .text.runtime_init_clocks
                0x10001744       0xcc CMakeFiles/Motorsteuerung.dir/C_/Users/yoshi/.pico-sdk/sdk/2.0.0/src/rp2_common/pico_runtime_init/runtime_init_clocks.c.obj
                0x10001744                runtime_init_clocks
 .text          0x10001810       0x10 CMakeFiles/Motorsteuerung.dir/C_/Users/yoshi/.pico-sdk/sdk/2.0.0/src/rp2_common/pico_bit_ops/bit_ops_aeabi.S.obj
 .text.rom_func_lookup
                0x10001820       0x10 CMakeFiles/Motorsteuerung.dir/C_/Users/yoshi/.pico-sdk/sdk/2.0.0/src/rp2_common/pico_bootrom/bootrom.c.obj
                0x10001820                rom_func_lookup
 .text.rom_data_lookup
                0x10001830       0x10 CMakeFiles/Motorsteuerung.dir/C_/Users/yoshi/.pico-sdk/sdk/2.0.0/src/rp2_common/pico_bootrom/bootrom.c.obj
                0x10001830                rom_data_lookup
 .text.rom_funcs_lookup
                0x10001840       0x36 CMakeFiles/Motorsteuerung.dir/C_/Users/yoshi/.pico-sdk/sdk/2.0.0/src/rp2_common/pico_bootrom/bootrom.c.obj
                0x10001840                rom_funcs_lookup
 *fill*         0x10001876        0x2 
 .text.rom_reset_usb_boot
                0x10001878       0x18 CMakeFiles/Motorsteuerung.dir/C_/Users/yoshi/.pico-sdk/sdk/2.0.0/src/rp2_common/pico_bootrom/bootrom.c.obj
                0x10001878                rom_reset_usb_boot
 .text.__wrap___aeabi_idiv
                0x10001890       0x50 CMakeFiles/Motorsteuerung.dir/C_/Users/yoshi/.pico-sdk/sdk/2.0.0/src/rp2_common/pico_divider/divider_hardware.S.obj
                0x10001890                __wrap___aeabi_idivmod
                0x10001890                divmod_s32s32
                0x10001890                div_s32s32
                0x10001890                __wrap___aeabi_idiv
                0x10001898                divmod_s32s32_unsafe
                0x100018c4                divmod_s32s32_savestate
 .text.__wrap___aeabi_uidiv
                0x100018e0       0x4c CMakeFiles/Motorsteuerung.dir/C_/Users/yoshi/.pico-sdk/sdk/2.0.0/src/rp2_common/pico_divider/divider_hardware.S.obj
                0x100018e0                __wrap___aeabi_uidiv
                0x100018e0                __wrap___aeabi_uidivmod
                0x100018e0                div_u32u32
                0x100018e0                divmod_u32u32
                0x100018e8                divmod_u32u32_unsafe
                0x10001910                divmod_u32u32_savestate
 .text.__wrap___aeabi_ldiv
                0x1000192c      0x424 CMakeFiles/Motorsteuerung.dir/C_/Users/yoshi/.pico-sdk/sdk/2.0.0/src/rp2_common/pico_divider/divider_hardware.S.obj
                0x1000192c                div_s64s64
                0x1000192c                divmod_s64s64
                0x1000192c                __wrap___aeabi_ldivmod
                0x1000195c                divmod_u64u64
                0x1000195c                div_u64u64
                0x1000195c                __wrap___aeabi_uldivmod
                0x1000196c                divmod_u64u64_savestate
                0x1000198c                divmod_s64s64_unsafe
                0x10001a14                divmod_u64u64_unsafe
 .text.__wrap___aeabi_darithmetic
                0x10001d50       0x60 CMakeFiles/Motorsteuerung.dir/C_/Users/yoshi/.pico-sdk/sdk/2.0.0/src/rp2_common/pico_double/double_aeabi_rp2040.S.obj
                0x10001d50                __wrap___aeabi_drsub
                0x10001d56                __wrap___aeabi_dsub
                0x10001d60                __wrap___aeabi_dadd
                0x10001d6a                __wrap___aeabi_ddiv
                0x10001d9e                __wrap___aeabi_dmul
 .text.__wrap___aeabi_cdcmple
                0x10001db0       0x6c CMakeFiles/Motorsteuerung.dir/C_/Users/yoshi/.pico-sdk/sdk/2.0.0/src/rp2_common/pico_double/double_aeabi_rp2040.S.obj
                0x10001db0                __wrap___aeabi_cdrcmple
                0x10001dc0                __wrap___aeabi_cdcmpeq
                0x10001dc0                __wrap___aeabi_cdcmple
 .text.__wrap___aeabi_dcmplt
                0x10001e1c        0xc CMakeFiles/Motorsteuerung.dir/C_/Users/yoshi/.pico-sdk/sdk/2.0.0/src/rp2_common/pico_double/double_aeabi_rp2040.S.obj
                0x10001e1c                __wrap___aeabi_dcmplt
 .text.__wrap___aeabi_dcmple
                0x10001e28       0x10 CMakeFiles/Motorsteuerung.dir/C_/Users/yoshi/.pico-sdk/sdk/2.0.0/src/rp2_common/pico_double/double_aeabi_rp2040.S.obj
                0x10001e28                __wrap___aeabi_dcmple
 .text.__wrap___aeabi_dcmpge
                0x10001e38       0x10 CMakeFiles/Motorsteuerung.dir/C_/Users/yoshi/.pico-sdk/sdk/2.0.0/src/rp2_common/pico_double/double_aeabi_rp2040.S.obj
                0x10001e38                __wrap___aeabi_dcmpge
 .text.__wrap___aeabi_dcmpgt
                0x10001e48        0xa CMakeFiles/Motorsteuerung.dir/C_/Users/yoshi/.pico-sdk/sdk/2.0.0/src/rp2_common/pico_double/double_aeabi_rp2040.S.obj
                0x10001e48                __wrap___aeabi_dcmpgt
 .text.__wrap___aeabi_dcmpun
                0x10001e52       0x18 CMakeFiles/Motorsteuerung.dir/C_/Users/yoshi/.pico-sdk/sdk/2.0.0/src/rp2_common/pico_double/double_aeabi_rp2040.S.obj
                0x10001e52                __wrap___aeabi_dcmpun
 *fill*         0x10001e6a        0x2 
 .text.__wrap___aeabi_i2d
                0x10001e6c       0x38 CMakeFiles/Motorsteuerung.dir/C_/Users/yoshi/.pico-sdk/sdk/2.0.0/src/rp2_common/pico_double/double_aeabi_rp2040.S.obj
                0x10001e6c                __wrap___aeabi_ui2d
                0x10001e74                __wrap___aeabi_i2d
 .text.__wrap___aeabi_d2iz
                0x10001ea4       0x48 CMakeFiles/Motorsteuerung.dir/C_/Users/yoshi/.pico-sdk/sdk/2.0.0/src/rp2_common/pico_double/double_aeabi_rp2040.S.obj
                0x10001ea4                double2int_z
                0x10001ea4                __wrap___aeabi_d2iz
 .text.__wrap___aeabi_d2uiz
                0x10001eec       0x10 CMakeFiles/Motorsteuerung.dir/C_/Users/yoshi/.pico-sdk/sdk/2.0.0/src/rp2_common/pico_double/double_aeabi_rp2040.S.obj
                0x10001eec                __wrap___aeabi_d2uiz
                0x10001eec                double2uint
 .text.missing_double_func_shim
                0x10001efc        0xc CMakeFiles/Motorsteuerung.dir/C_/Users/yoshi/.pico-sdk/sdk/2.0.0/src/rp2_common/pico_double/double_init_rom_rp2040.c.obj
 .text.__aeabi_double_init
                0x10001f08       0xd0 CMakeFiles/Motorsteuerung.dir/C_/Users/yoshi/.pico-sdk/sdk/2.0.0/src/rp2_common/pico_double/double_init_rom_rp2040.c.obj
                0x10001f08                __aeabi_double_init
 .text.double_table_shim_on_use_helper
                0x10001fd8       0x34 CMakeFiles/Motorsteuerung.dir/C_/Users/yoshi/.pico-sdk/sdk/2.0.0/src/rp2_common/pico_double/double_v1_rom_shim_rp2040.S.obj
                0x10001fd8                double_table_shim_on_use_helper
 .text.__aeabi_lmul
                0x1000200c       0x32 CMakeFiles/Motorsteuerung.dir/C_/Users/yoshi/.pico-sdk/sdk/2.0.0/src/rp2_common/pico_int64_ops/pico_int64_ops_aeabi.S.obj
                0x1000200c                __wrap___aeabi_lmul
 *fill*         0x1000203e        0x2 
 .text.missing_float_func_shim
                0x10002040        0xc CMakeFiles/Motorsteuerung.dir/C_/Users/yoshi/.pico-sdk/sdk/2.0.0/src/rp2_common/pico_float/float_init_rom_rp2040.c.obj
 .text.__aeabi_float_init
                0x1000204c       0x88 CMakeFiles/Motorsteuerung.dir/C_/Users/yoshi/.pico-sdk/sdk/2.0.0/src/rp2_common/pico_float/float_init_rom_rp2040.c.obj
                0x1000204c                __aeabi_float_init
 .text          0x100020d4       0x10 CMakeFiles/Motorsteuerung.dir/C_/Users/yoshi/.pico-sdk/sdk/2.0.0/src/rp2_common/pico_mem_ops/mem_ops_aeabi.S.obj
                0x100020d4                __aeabi_mem_init
 .text.memset   0x100020e4        0xc CMakeFiles/Motorsteuerung.dir/C_/Users/yoshi/.pico-sdk/sdk/2.0.0/src/rp2_common/pico_mem_ops/mem_ops_aeabi.S.obj
                0x100020e4                __wrap_memset
 .text.memcpy   0x100020f0        0xc CMakeFiles/Motorsteuerung.dir/C_/Users/yoshi/.pico-sdk/sdk/2.0.0/src/rp2_common/pico_mem_ops/mem_ops_aeabi.S.obj
                0x100020f0                __wrap_memcpy
                0x100020f0                __wrap___aeabi_memcpy
 .text._out_null
                0x100020fc        0x2 CMakeFiles/Motorsteuerung.dir/C_/Users/yoshi/.pico-sdk/sdk/2.0.0/src/rp2_common/pico_printf/printf.c.obj
 .text._out_fct
                0x100020fe        0xe CMakeFiles/Motorsteuerung.dir/C_/Users/yoshi/.pico-sdk/sdk/2.0.0/src/rp2_common/pico_printf/printf.c.obj
 .text._atoi    0x1000210c       0x24 CMakeFiles/Motorsteuerung.dir/C_/Users/yoshi/.pico-sdk/sdk/2.0.0/src/rp2_common/pico_printf/printf.c.obj
 .text._out_rev
                0x10002130       0xae CMakeFiles/Motorsteuerung.dir/C_/Users/yoshi/.pico-sdk/sdk/2.0.0/src/rp2_common/pico_printf/printf.c.obj
 .text._ntoa_format
                0x100021de      0x110 CMakeFiles/Motorsteuerung.dir/C_/Users/yoshi/.pico-sdk/sdk/2.0.0/src/rp2_common/pico_printf/printf.c.obj
 .text._ntoa_long
                0x100022ee       0xbc CMakeFiles/Motorsteuerung.dir/C_/Users/yoshi/.pico-sdk/sdk/2.0.0/src/rp2_common/pico_printf/printf.c.obj
 .text._ntoa_long_long
                0x100023aa      0x10e CMakeFiles/Motorsteuerung.dir/C_/Users/yoshi/.pico-sdk/sdk/2.0.0/src/rp2_common/pico_printf/printf.c.obj
 .text._etoa    0x100024b8      0x420 CMakeFiles/Motorsteuerung.dir/C_/Users/yoshi/.pico-sdk/sdk/2.0.0/src/rp2_common/pico_printf/printf.c.obj
 .text._ftoa    0x100028d8      0x354 CMakeFiles/Motorsteuerung.dir/C_/Users/yoshi/.pico-sdk/sdk/2.0.0/src/rp2_common/pico_printf/printf.c.obj
 .text._vsnprintf
                0x10002c2c      0x668 CMakeFiles/Motorsteuerung.dir/C_/Users/yoshi/.pico-sdk/sdk/2.0.0/src/rp2_common/pico_printf/printf.c.obj
 .text.vfctprintf
                0x10003294       0x20 CMakeFiles/Motorsteuerung.dir/C_/Users/yoshi/.pico-sdk/sdk/2.0.0/src/rp2_common/pico_printf/printf.c.obj
                0x10003294                vfctprintf
 .text._exit    0x100032b4        0x4 CMakeFiles/Motorsteuerung.dir/C_/Users/yoshi/.pico-sdk/sdk/2.0.0/src/rp2_common/pico_clib_interface/newlib_interface.c.obj
                0x100032b4                _exit
 .text.exit     0x100032b8        0x6 CMakeFiles/Motorsteuerung.dir/C_/Users/yoshi/.pico-sdk/sdk/2.0.0/src/rp2_common/pico_clib_interface/newlib_interface.c.obj
                0x100032b8                exit
 *fill*         0x100032be        0x2 
 .text.__assert_func
                0x100032c0       0x38 CMakeFiles/Motorsteuerung.dir/C_/Users/yoshi/.pico-sdk/sdk/2.0.0/src/rp2_common/pico_clib_interface/newlib_interface.c.obj
                0x100032c0                __assert_func
 .text.runtime_init
                0x100032f8       0x28 CMakeFiles/Motorsteuerung.dir/C_/Users/yoshi/.pico-sdk/sdk/2.0.0/src/rp2_common/pico_clib_interface/newlib_interface.c.obj
                0x100032f8                runtime_init
 .text.stdio_out_chars_no_crlf
                0x10003320        0xe CMakeFiles/Motorsteuerung.dir/C_/Users/yoshi/.pico-sdk/sdk/2.0.0/src/rp2_common/pico_stdio/stdio.c.obj
 *fill*         0x1000332e        0x2 
 .text.stdio_out_chars_crlf
                0x10003330       0x80 CMakeFiles/Motorsteuerung.dir/C_/Users/yoshi/.pico-sdk/sdk/2.0.0/src/rp2_common/pico_stdio/stdio.c.obj
 .text.stdio_stack_buffer_flush
                0x100033b0       0x44 CMakeFiles/Motorsteuerung.dir/C_/Users/yoshi/.pico-sdk/sdk/2.0.0/src/rp2_common/pico_stdio/stdio.c.obj
 .text.stdio_buffered_printer
                0x100033f4       0x20 CMakeFiles/Motorsteuerung.dir/C_/Users/yoshi/.pico-sdk/sdk/2.0.0/src/rp2_common/pico_stdio/stdio.c.obj
 .text.stdout_serialize_begin
                0x10003414       0x30 CMakeFiles/Motorsteuerung.dir/C_/Users/yoshi/.pico-sdk/sdk/2.0.0/src/rp2_common/pico_stdio/stdio.c.obj
                0x10003414                stdout_serialize_begin
 .text.stdout_serialize_end
                0x10003444       0x10 CMakeFiles/Motorsteuerung.dir/C_/Users/yoshi/.pico-sdk/sdk/2.0.0/src/rp2_common/pico_stdio/stdio.c.obj
                0x10003444                stdout_serialize_end
 .text.stdio_put_string
                0x10003454       0x94 CMakeFiles/Motorsteuerung.dir/C_/Users/yoshi/.pico-sdk/sdk/2.0.0/src/rp2_common/pico_stdio/stdio.c.obj
                0x10003454                stdio_put_string
 .text.stdio_set_driver_enabled
                0x100034e8       0x2c CMakeFiles/Motorsteuerung.dir/C_/Users/yoshi/.pico-sdk/sdk/2.0.0/src/rp2_common/pico_stdio/stdio.c.obj
                0x100034e8                stdio_set_driver_enabled
 .text.stdio_flush
                0x10003514       0x20 CMakeFiles/Motorsteuerung.dir/C_/Users/yoshi/.pico-sdk/sdk/2.0.0/src/rp2_common/pico_stdio/stdio.c.obj
                0x10003514                stdio_flush
 .text.stdio_init_all
                0x10003534        0x8 CMakeFiles/Motorsteuerung.dir/C_/Users/yoshi/.pico-sdk/sdk/2.0.0/src/rp2_common/pico_stdio/stdio.c.obj
                0x10003534                stdio_init_all
 .text.__wrap_puts
                0x1000353c       0x1e CMakeFiles/Motorsteuerung.dir/C_/Users/yoshi/.pico-sdk/sdk/2.0.0/src/rp2_common/pico_stdio/stdio.c.obj
                0x1000353c                stdio_puts
                0x1000353c                __wrap_puts
 *fill*         0x1000355a        0x2 
 .text.__wrap_vprintf
                0x1000355c       0x40 CMakeFiles/Motorsteuerung.dir/C_/Users/yoshi/.pico-sdk/sdk/2.0.0/src/rp2_common/pico_stdio/stdio.c.obj
                0x1000355c                stdio_vprintf
                0x1000355c                __wrap_vprintf
 .text.__wrap_printf
                0x1000359c       0x18 CMakeFiles/Motorsteuerung.dir/C_/Users/yoshi/.pico-sdk/sdk/2.0.0/src/rp2_common/pico_stdio/stdio.c.obj
                0x1000359c                __wrap_printf
                0x1000359c                stdio_printf
 .text.resetd_init
                0x100035b4        0x2 CMakeFiles/Motorsteuerung.dir/C_/Users/yoshi/.pico-sdk/sdk/2.0.0/src/rp2_common/pico_stdio_usb/reset_interface.c.obj
 *fill*         0x100035b6        0x2 
 .text.resetd_reset
                0x100035b8        0xc CMakeFiles/Motorsteuerung.dir/C_/Users/yoshi/.pico-sdk/sdk/2.0.0/src/rp2_common/pico_stdio_usb/reset_interface.c.obj
 .text.resetd_open
                0x100035c4       0x34 CMakeFiles/Motorsteuerung.dir/C_/Users/yoshi/.pico-sdk/sdk/2.0.0/src/rp2_common/pico_stdio_usb/reset_interface.c.obj
 .text.resetd_xfer_cb
                0x100035f8        0x4 CMakeFiles/Motorsteuerung.dir/C_/Users/yoshi/.pico-sdk/sdk/2.0.0/src/rp2_common/pico_stdio_usb/reset_interface.c.obj
 .text.resetd_control_xfer_cb
                0x100035fc       0x5c CMakeFiles/Motorsteuerung.dir/C_/Users/yoshi/.pico-sdk/sdk/2.0.0/src/rp2_common/pico_stdio_usb/reset_interface.c.obj
 .text.tud_descriptor_bos_cb
                0x10003658        0x8 CMakeFiles/Motorsteuerung.dir/C_/Users/yoshi/.pico-sdk/sdk/2.0.0/src/rp2_common/pico_stdio_usb/reset_interface.c.obj
                0x10003658                tud_descriptor_bos_cb
 .text.tud_vendor_control_xfer_cb
                0x10003660       0x38 CMakeFiles/Motorsteuerung.dir/C_/Users/yoshi/.pico-sdk/sdk/2.0.0/src/rp2_common/pico_stdio_usb/reset_interface.c.obj
                0x10003660                tud_vendor_control_xfer_cb
 .text.usbd_app_driver_get_cb
                0x10003698        0xc CMakeFiles/Motorsteuerung.dir/C_/Users/yoshi/.pico-sdk/sdk/2.0.0/src/rp2_common/pico_stdio_usb/reset_interface.c.obj
                0x10003698                usbd_app_driver_get_cb
 .text.tud_cdc_line_coding_cb
                0x100036a4       0x28 CMakeFiles/Motorsteuerung.dir/C_/Users/yoshi/.pico-sdk/sdk/2.0.0/src/rp2_common/pico_stdio_usb/reset_interface.c.obj
                0x100036a4                tud_cdc_line_coding_cb
 .text.stdio_usb_set_chars_available_callback
                0x100036cc       0x14 CMakeFiles/Motorsteuerung.dir/C_/Users/yoshi/.pico-sdk/sdk/2.0.0/src/rp2_common/pico_stdio_usb/stdio_usb.c.obj
                0x100036cc                stdio_usb_set_chars_available_callback
 .text.stdio_usb_out_flush
                0x100036e0       0x4c CMakeFiles/Motorsteuerung.dir/C_/Users/yoshi/.pico-sdk/sdk/2.0.0/src/rp2_common/pico_stdio_usb/stdio_usb.c.obj
 .text.usb_irq  0x1000372c       0x10 CMakeFiles/Motorsteuerung.dir/C_/Users/yoshi/.pico-sdk/sdk/2.0.0/src/rp2_common/pico_stdio_usb/stdio_usb.c.obj
 .text.critical_section_enter_blocking
                0x1000373c       0x16 CMakeFiles/Motorsteuerung.dir/C_/Users/yoshi/.pico-sdk/sdk/2.0.0/src/rp2_common/pico_stdio_usb/stdio_usb.c.obj
 *fill*         0x10003752        0x2 
 .text.timer_task
                0x10003754       0x60 CMakeFiles/Motorsteuerung.dir/C_/Users/yoshi/.pico-sdk/sdk/2.0.0/src/rp2_common/pico_stdio_usb/stdio_usb.c.obj
 .text.alarm_pool_add_alarm_in_us
                0x100037b4       0x40 CMakeFiles/Motorsteuerung.dir/C_/Users/yoshi/.pico-sdk/sdk/2.0.0/src/rp2_common/pico_stdio_usb/stdio_usb.c.obj
 .text.add_alarm_in_us
                0x100037f4       0x2e CMakeFiles/Motorsteuerung.dir/C_/Users/yoshi/.pico-sdk/sdk/2.0.0/src/rp2_common/pico_stdio_usb/stdio_usb.c.obj
 *fill*         0x10003822        0x2 
 .text.low_priority_worker_irq
                0x10003824       0xa0 CMakeFiles/Motorsteuerung.dir/C_/Users/yoshi/.pico-sdk/sdk/2.0.0/src/rp2_common/pico_stdio_usb/stdio_usb.c.obj
 .text.stdio_usb_init
                0x100038c4       0xdc CMakeFiles/Motorsteuerung.dir/C_/Users/yoshi/.pico-sdk/sdk/2.0.0/src/rp2_common/pico_stdio_usb/stdio_usb.c.obj
                0x100038c4                stdio_usb_init
 .text.stdio_usb_connected
                0x100039a0        0xa CMakeFiles/Motorsteuerung.dir/C_/Users/yoshi/.pico-sdk/sdk/2.0.0/src/rp2_common/pico_stdio_usb/stdio_usb.c.obj
                0x100039a0                stdio_usb_connected
 *fill*         0x100039aa        0x2 
 .text.stdio_usb_in_chars
                0x100039ac       0x98 CMakeFiles/Motorsteuerung.dir/C_/Users/yoshi/.pico-sdk/sdk/2.0.0/src/rp2_common/pico_stdio_usb/stdio_usb.c.obj
                0x100039ac                stdio_usb_in_chars
 .text.stdio_usb_out_chars
                0x10003a44       0xe8 CMakeFiles/Motorsteuerung.dir/C_/Users/yoshi/.pico-sdk/sdk/2.0.0/src/rp2_common/pico_stdio_usb/stdio_usb.c.obj
 .text.tud_descriptor_device_cb
                0x10003b2c        0x8 CMakeFiles/Motorsteuerung.dir/C_/Users/yoshi/.pico-sdk/sdk/2.0.0/src/rp2_common/pico_stdio_usb/stdio_usb_descriptors.c.obj
                0x10003b2c                tud_descriptor_device_cb
 .text.tud_descriptor_configuration_cb
                0x10003b34        0x8 CMakeFiles/Motorsteuerung.dir/C_/Users/yoshi/.pico-sdk/sdk/2.0.0/src/rp2_common/pico_stdio_usb/stdio_usb_descriptors.c.obj
                0x10003b34                tud_descriptor_configuration_cb
 .text.tud_descriptor_string_cb
                0x10003b3c       0x6c CMakeFiles/Motorsteuerung.dir/C_/Users/yoshi/.pico-sdk/sdk/2.0.0/src/rp2_common/pico_stdio_usb/stdio_usb_descriptors.c.obj
                0x10003b3c                tud_descriptor_string_cb
 .text._retrieve_unique_id_on_boot
                0x10003ba8       0x10 CMakeFiles/Motorsteuerung.dir/C_/Users/yoshi/.pico-sdk/sdk/2.0.0/src/rp2_common/pico_unique_id/unique_id.c.obj
 .text.pico_get_unique_board_id_string
                0x10003bb8       0x5c CMakeFiles/Motorsteuerung.dir/C_/Users/yoshi/.pico-sdk/sdk/2.0.0/src/rp2_common/pico_unique_id/unique_id.c.obj
                0x10003bb8                pico_get_unique_board_id_string
 .text.flash_get_unique_id
                0x10003c14       0x40 CMakeFiles/Motorsteuerung.dir/C_/Users/yoshi/.pico-sdk/sdk/2.0.0/src/rp2_common/hardware_flash/flash.c.obj
                0x10003c14                flash_get_unique_id
 .text._hw_endpoint_alloc
                0x10003c54       0x70 CMakeFiles/Motorsteuerung.dir/C_/Users/yoshi/.pico-sdk/sdk/2.0.0/lib/tinyusb/src/portable/raspberrypi/rp2040/dcd_rp2040.c.obj
 .text.hw_endpoint_init
                0x10003cc4       0xbc CMakeFiles/Motorsteuerung.dir/C_/Users/yoshi/.pico-sdk/sdk/2.0.0/lib/tinyusb/src/portable/raspberrypi/rp2040/dcd_rp2040.c.obj
 .text.hw_endpoint_xfer
                0x10003d80       0x20 CMakeFiles/Motorsteuerung.dir/C_/Users/yoshi/.pico-sdk/sdk/2.0.0/lib/tinyusb/src/portable/raspberrypi/rp2040/dcd_rp2040.c.obj
 .text.dcd_int_enable
                0x10003da0       0x2c CMakeFiles/Motorsteuerung.dir/C_/Users/yoshi/.pico-sdk/sdk/2.0.0/lib/tinyusb/src/portable/raspberrypi/rp2040/dcd_rp2040.c.obj
                0x10003da0                dcd_int_enable
 .text.dcd_set_address
                0x10003dcc       0x2c CMakeFiles/Motorsteuerung.dir/C_/Users/yoshi/.pico-sdk/sdk/2.0.0/lib/tinyusb/src/portable/raspberrypi/rp2040/dcd_rp2040.c.obj
                0x10003dcc                dcd_set_address
 .text.dcd_connect
                0x10003df8       0x10 CMakeFiles/Motorsteuerung.dir/C_/Users/yoshi/.pico-sdk/sdk/2.0.0/lib/tinyusb/src/portable/raspberrypi/rp2040/dcd_rp2040.c.obj
                0x10003df8                dcd_connect
 .text.dcd_init
                0x10003e08       0x80 CMakeFiles/Motorsteuerung.dir/C_/Users/yoshi/.pico-sdk/sdk/2.0.0/lib/tinyusb/src/portable/raspberrypi/rp2040/dcd_rp2040.c.obj
                0x10003e08                dcd_init
 .text.dcd_sof_enable
                0x10003e88       0x1c CMakeFiles/Motorsteuerung.dir/C_/Users/yoshi/.pico-sdk/sdk/2.0.0/lib/tinyusb/src/portable/raspberrypi/rp2040/dcd_rp2040.c.obj
                0x10003e88                dcd_sof_enable
 .text.dcd_edpt0_status_complete
                0x10003ea4       0x1c CMakeFiles/Motorsteuerung.dir/C_/Users/yoshi/.pico-sdk/sdk/2.0.0/lib/tinyusb/src/portable/raspberrypi/rp2040/dcd_rp2040.c.obj
                0x10003ea4                dcd_edpt0_status_complete
 .text.dcd_edpt_open
                0x10003ec0       0x40 CMakeFiles/Motorsteuerung.dir/C_/Users/yoshi/.pico-sdk/sdk/2.0.0/lib/tinyusb/src/portable/raspberrypi/rp2040/dcd_rp2040.c.obj
                0x10003ec0                dcd_edpt_open
 .text.dcd_edpt_close_all
                0x10003f00        0x8 CMakeFiles/Motorsteuerung.dir/C_/Users/yoshi/.pico-sdk/sdk/2.0.0/lib/tinyusb/src/portable/raspberrypi/rp2040/dcd_rp2040.c.obj
                0x10003f00                dcd_edpt_close_all
 .text.dcd_edpt_xfer
                0x10003f08       0x30 CMakeFiles/Motorsteuerung.dir/C_/Users/yoshi/.pico-sdk/sdk/2.0.0/lib/tinyusb/src/portable/raspberrypi/rp2040/dcd_rp2040.c.obj
                0x10003f08                dcd_edpt_xfer
 .text.dcd_edpt_stall
                0x10003f38       0x3c CMakeFiles/Motorsteuerung.dir/C_/Users/yoshi/.pico-sdk/sdk/2.0.0/lib/tinyusb/src/portable/raspberrypi/rp2040/dcd_rp2040.c.obj
                0x10003f38                dcd_edpt_stall
 .text.dcd_edpt_clear_stall
                0x10003f74       0x30 CMakeFiles/Motorsteuerung.dir/C_/Users/yoshi/.pico-sdk/sdk/2.0.0/lib/tinyusb/src/portable/raspberrypi/rp2040/dcd_rp2040.c.obj
                0x10003f74                dcd_edpt_clear_stall
 .text.unaligned_memcpy
                0x10003fa4       0x14 CMakeFiles/Motorsteuerung.dir/C_/Users/yoshi/.pico-sdk/sdk/2.0.0/lib/tinyusb/src/portable/raspberrypi/rp2040/rp2040_usb.c.obj
 .text.rp2040_usb_init
                0x10003fb8       0x44 CMakeFiles/Motorsteuerung.dir/C_/Users/yoshi/.pico-sdk/sdk/2.0.0/lib/tinyusb/src/portable/raspberrypi/rp2040/rp2040_usb.c.obj
                0x10003fb8                rp2040_usb_init
 .text.hw_endpoint_xfer_start
                0x10003ffc       0x60 CMakeFiles/Motorsteuerung.dir/C_/Users/yoshi/.pico-sdk/sdk/2.0.0/lib/tinyusb/src/portable/raspberrypi/rp2040/rp2040_usb.c.obj
                0x10003ffc                hw_endpoint_xfer_start
 .text.configuration_reset
                0x1000405c       0x84 CMakeFiles/Motorsteuerung.dir/C_/Users/yoshi/.pico-sdk/sdk/2.0.0/lib/tinyusb/src/device/usbd.c.obj
 .text.critical_section_enter_blocking
                0x100040e0       0x16 CMakeFiles/Motorsteuerung.dir/C_/Users/yoshi/.pico-sdk/sdk/2.0.0/lib/tinyusb/src/device/usbd.c.obj
 .text.usbd_reset
                0x100040f6        0xc CMakeFiles/Motorsteuerung.dir/C_/Users/yoshi/.pico-sdk/sdk/2.0.0/lib/tinyusb/src/device/usbd.c.obj
 .text.invoke_class_control
                0x10004102       0x1a CMakeFiles/Motorsteuerung.dir/C_/Users/yoshi/.pico-sdk/sdk/2.0.0/lib/tinyusb/src/device/usbd.c.obj
 .text.process_set_config
                0x1000411c      0x1b0 CMakeFiles/Motorsteuerung.dir/C_/Users/yoshi/.pico-sdk/sdk/2.0.0/lib/tinyusb/src/device/usbd.c.obj
 .text.tud_event_hook_cb
                0x100042cc        0x2 CMakeFiles/Motorsteuerung.dir/C_/Users/yoshi/.pico-sdk/sdk/2.0.0/lib/tinyusb/src/device/usbd.c.obj
                0x100042cc                tud_event_hook_cb
 .text.tud_sof_cb
                0x100042ce        0x2 CMakeFiles/Motorsteuerung.dir/C_/Users/yoshi/.pico-sdk/sdk/2.0.0/lib/tinyusb/src/device/usbd.c.obj
                0x100042ce                tud_sof_cb
 .text.tud_descriptor_device_qualifier_cb
                0x100042d0        0x4 CMakeFiles/Motorsteuerung.dir/C_/Users/yoshi/.pico-sdk/sdk/2.0.0/lib/tinyusb/src/device/usbd.c.obj
                0x100042d0                tud_descriptor_device_qualifier_cb
 .text.tud_descriptor_other_speed_configuration_cb
                0x100042d4        0x4 CMakeFiles/Motorsteuerung.dir/C_/Users/yoshi/.pico-sdk/sdk/2.0.0/lib/tinyusb/src/device/usbd.c.obj
                0x100042d4                tud_descriptor_other_speed_configuration_cb
 .text.process_get_descriptor
                0x100042d8       0xe0 CMakeFiles/Motorsteuerung.dir/C_/Users/yoshi/.pico-sdk/sdk/2.0.0/lib/tinyusb/src/device/usbd.c.obj
 .text.tud_mount_cb
                0x100043b8        0x2 CMakeFiles/Motorsteuerung.dir/C_/Users/yoshi/.pico-sdk/sdk/2.0.0/lib/tinyusb/src/device/usbd.c.obj
                0x100043b8                tud_mount_cb
 .text.tud_umount_cb
                0x100043ba        0x2 CMakeFiles/Motorsteuerung.dir/C_/Users/yoshi/.pico-sdk/sdk/2.0.0/lib/tinyusb/src/device/usbd.c.obj
                0x100043ba                tud_umount_cb
 .text.tud_suspend_cb
                0x100043bc        0x2 CMakeFiles/Motorsteuerung.dir/C_/Users/yoshi/.pico-sdk/sdk/2.0.0/lib/tinyusb/src/device/usbd.c.obj
                0x100043bc                tud_suspend_cb
 .text.tud_resume_cb
                0x100043be        0x2 CMakeFiles/Motorsteuerung.dir/C_/Users/yoshi/.pico-sdk/sdk/2.0.0/lib/tinyusb/src/device/usbd.c.obj
                0x100043be                tud_resume_cb
 .text.tud_mounted
                0x100043c0       0x10 CMakeFiles/Motorsteuerung.dir/C_/Users/yoshi/.pico-sdk/sdk/2.0.0/lib/tinyusb/src/device/usbd.c.obj
                0x100043c0                tud_mounted
 .text.tud_suspended
                0x100043d0       0x10 CMakeFiles/Motorsteuerung.dir/C_/Users/yoshi/.pico-sdk/sdk/2.0.0/lib/tinyusb/src/device/usbd.c.obj
                0x100043d0                tud_suspended
 .text.tud_inited
                0x100043e0       0x14 CMakeFiles/Motorsteuerung.dir/C_/Users/yoshi/.pico-sdk/sdk/2.0.0/lib/tinyusb/src/device/usbd.c.obj
                0x100043e0                tud_inited
 .text.tud_init
                0x100043f4       0xdc CMakeFiles/Motorsteuerung.dir/C_/Users/yoshi/.pico-sdk/sdk/2.0.0/lib/tinyusb/src/device/usbd.c.obj
                0x100043f4                tud_init
 .text.usbd_edpt_open
                0x100044d0       0x60 CMakeFiles/Motorsteuerung.dir/C_/Users/yoshi/.pico-sdk/sdk/2.0.0/lib/tinyusb/src/device/usbd.c.obj
                0x100044d0                usbd_edpt_open
 .text.usbd_open_edpt_pair
                0x10004530       0x8c CMakeFiles/Motorsteuerung.dir/C_/Users/yoshi/.pico-sdk/sdk/2.0.0/lib/tinyusb/src/device/usbd.c.obj
                0x10004530                usbd_open_edpt_pair
 .text.usbd_edpt_claim
                0x100045bc       0x28 CMakeFiles/Motorsteuerung.dir/C_/Users/yoshi/.pico-sdk/sdk/2.0.0/lib/tinyusb/src/device/usbd.c.obj
                0x100045bc                usbd_edpt_claim
 .text.usbd_edpt_release
                0x100045e4       0x28 CMakeFiles/Motorsteuerung.dir/C_/Users/yoshi/.pico-sdk/sdk/2.0.0/lib/tinyusb/src/device/usbd.c.obj
                0x100045e4                usbd_edpt_release
 .text.usbd_edpt_xfer
                0x1000460c       0x88 CMakeFiles/Motorsteuerung.dir/C_/Users/yoshi/.pico-sdk/sdk/2.0.0/lib/tinyusb/src/device/usbd.c.obj
                0x1000460c                usbd_edpt_xfer
 .text.usbd_edpt_stall
                0x10004694       0x34 CMakeFiles/Motorsteuerung.dir/C_/Users/yoshi/.pico-sdk/sdk/2.0.0/lib/tinyusb/src/device/usbd.c.obj
                0x10004694                usbd_edpt_stall
 .text.usbd_edpt_clear_stall
                0x100046c8       0x34 CMakeFiles/Motorsteuerung.dir/C_/Users/yoshi/.pico-sdk/sdk/2.0.0/lib/tinyusb/src/device/usbd.c.obj
                0x100046c8                usbd_edpt_clear_stall
 .text.usbd_edpt_stalled
                0x100046fc       0x1c CMakeFiles/Motorsteuerung.dir/C_/Users/yoshi/.pico-sdk/sdk/2.0.0/lib/tinyusb/src/device/usbd.c.obj
                0x100046fc                usbd_edpt_stalled
 .text.process_control_request
                0x10004718      0x390 CMakeFiles/Motorsteuerung.dir/C_/Users/yoshi/.pico-sdk/sdk/2.0.0/lib/tinyusb/src/device/usbd.c.obj
 .text.tud_task_ext
                0x10004aa8      0x1c8 CMakeFiles/Motorsteuerung.dir/C_/Users/yoshi/.pico-sdk/sdk/2.0.0/lib/tinyusb/src/device/usbd.c.obj
                0x10004aa8                tud_task_ext
 .text._status_stage_xact
                0x10004c70       0x1a CMakeFiles/Motorsteuerung.dir/C_/Users/yoshi/.pico-sdk/sdk/2.0.0/lib/tinyusb/src/device/usbd_control.c.obj
 *fill*         0x10004c8a        0x2 
 .text._data_stage_xact
                0x10004c8c       0x60 CMakeFiles/Motorsteuerung.dir/C_/Users/yoshi/.pico-sdk/sdk/2.0.0/lib/tinyusb/src/device/usbd_control.c.obj
 .text.tud_control_status
                0x10004cec       0x28 CMakeFiles/Motorsteuerung.dir/C_/Users/yoshi/.pico-sdk/sdk/2.0.0/lib/tinyusb/src/device/usbd_control.c.obj
                0x10004cec                tud_control_status
 .text.tud_control_xfer
                0x10004d14       0x98 CMakeFiles/Motorsteuerung.dir/C_/Users/yoshi/.pico-sdk/sdk/2.0.0/lib/tinyusb/src/device/usbd_control.c.obj
                0x10004d14                tud_control_xfer
 .text.usbd_control_reset
                0x10004dac       0x14 CMakeFiles/Motorsteuerung.dir/C_/Users/yoshi/.pico-sdk/sdk/2.0.0/lib/tinyusb/src/device/usbd_control.c.obj
                0x10004dac                usbd_control_reset
 .text.usbd_control_set_complete_callback
                0x10004dc0        0xc CMakeFiles/Motorsteuerung.dir/C_/Users/yoshi/.pico-sdk/sdk/2.0.0/lib/tinyusb/src/device/usbd_control.c.obj
                0x10004dc0                usbd_control_set_complete_callback
 .text.usbd_control_set_request
                0x10004dcc       0x1c CMakeFiles/Motorsteuerung.dir/C_/Users/yoshi/.pico-sdk/sdk/2.0.0/lib/tinyusb/src/device/usbd_control.c.obj
                0x10004dcc                usbd_control_set_request
 .text.usbd_control_xfer_cb
                0x10004de8       0xe0 CMakeFiles/Motorsteuerung.dir/C_/Users/yoshi/.pico-sdk/sdk/2.0.0/lib/tinyusb/src/device/usbd_control.c.obj
                0x10004de8                usbd_control_xfer_cb
 .text._prep_out_transaction
                0x10004ec8       0x72 CMakeFiles/Motorsteuerung.dir/C_/Users/yoshi/.pico-sdk/sdk/2.0.0/lib/tinyusb/src/class/cdc/cdc_device.c.obj
 *fill*         0x10004f3a        0x2 
 .text.tud_cdc_n_connected
                0x10004f3c       0x38 CMakeFiles/Motorsteuerung.dir/C_/Users/yoshi/.pico-sdk/sdk/2.0.0/lib/tinyusb/src/class/cdc/cdc_device.c.obj
                0x10004f3c                tud_cdc_n_connected
 .text.tud_cdc_n_available
                0x10004f74       0x18 CMakeFiles/Motorsteuerung.dir/C_/Users/yoshi/.pico-sdk/sdk/2.0.0/lib/tinyusb/src/class/cdc/cdc_device.c.obj
                0x10004f74                tud_cdc_n_available
 .text.tud_cdc_n_read
                0x10004f8c       0x38 CMakeFiles/Motorsteuerung.dir/C_/Users/yoshi/.pico-sdk/sdk/2.0.0/lib/tinyusb/src/class/cdc/cdc_device.c.obj
                0x10004f8c                tud_cdc_n_read
 .text.tud_cdc_n_write_flush
                0x10004fc4       0xcc CMakeFiles/Motorsteuerung.dir/C_/Users/yoshi/.pico-sdk/sdk/2.0.0/lib/tinyusb/src/class/cdc/cdc_device.c.obj
                0x10004fc4                tud_cdc_n_write_flush
 .text.tud_cdc_n_write
                0x10005090       0x48 CMakeFiles/Motorsteuerung.dir/C_/Users/yoshi/.pico-sdk/sdk/2.0.0/lib/tinyusb/src/class/cdc/cdc_device.c.obj
                0x10005090                tud_cdc_n_write
 .text.tud_cdc_n_write_available
                0x100050d8       0x1c CMakeFiles/Motorsteuerung.dir/C_/Users/yoshi/.pico-sdk/sdk/2.0.0/lib/tinyusb/src/class/cdc/cdc_device.c.obj
                0x100050d8                tud_cdc_n_write_available
 .text.cdcd_init
                0x100050f4       0xc0 CMakeFiles/Motorsteuerung.dir/C_/Users/yoshi/.pico-sdk/sdk/2.0.0/lib/tinyusb/src/class/cdc/cdc_device.c.obj
                0x100050f4                cdcd_init
 .text.cdcd_deinit
                0x100051b4       0x50 CMakeFiles/Motorsteuerung.dir/C_/Users/yoshi/.pico-sdk/sdk/2.0.0/lib/tinyusb/src/class/cdc/cdc_device.c.obj
                0x100051b4                cdcd_deinit
 .text.cdcd_reset
                0x10005204       0x78 CMakeFiles/Motorsteuerung.dir/C_/Users/yoshi/.pico-sdk/sdk/2.0.0/lib/tinyusb/src/class/cdc/cdc_device.c.obj
                0x10005204                cdcd_reset
 .text.cdcd_open
                0x1000527c       0xf0 CMakeFiles/Motorsteuerung.dir/C_/Users/yoshi/.pico-sdk/sdk/2.0.0/lib/tinyusb/src/class/cdc/cdc_device.c.obj
                0x1000527c                cdcd_open
 .text.cdcd_control_xfer_cb
                0x1000536c      0x138 CMakeFiles/Motorsteuerung.dir/C_/Users/yoshi/.pico-sdk/sdk/2.0.0/lib/tinyusb/src/class/cdc/cdc_device.c.obj
                0x1000536c                cdcd_control_xfer_cb
 .text.cdcd_xfer_cb
                0x100054a4      0x144 CMakeFiles/Motorsteuerung.dir/C_/Users/yoshi/.pico-sdk/sdk/2.0.0/lib/tinyusb/src/class/cdc/cdc_device.c.obj
                0x100054a4                cdcd_xfer_cb
 .text._prep_out_transaction
                0x100055e8       0x3a CMakeFiles/Motorsteuerung.dir/C_/Users/yoshi/.pico-sdk/sdk/2.0.0/lib/tinyusb/src/class/vendor/vendor_device.c.obj
 *fill*         0x10005622        0x2 
 .text.tud_vendor_n_write_flush
                0x10005624       0xcc CMakeFiles/Motorsteuerung.dir/C_/Users/yoshi/.pico-sdk/sdk/2.0.0/lib/tinyusb/src/class/vendor/vendor_device.c.obj
                0x10005624                tud_vendor_n_write_flush
 .text.vendord_init
                0x100056f0       0xa0 CMakeFiles/Motorsteuerung.dir/C_/Users/yoshi/.pico-sdk/sdk/2.0.0/lib/tinyusb/src/class/vendor/vendor_device.c.obj
                0x100056f0                vendord_init
 .text.vendord_deinit
                0x10005790       0x50 CMakeFiles/Motorsteuerung.dir/C_/Users/yoshi/.pico-sdk/sdk/2.0.0/lib/tinyusb/src/class/vendor/vendor_device.c.obj
                0x10005790                vendord_deinit
 .text.vendord_reset
                0x100057e0       0x38 CMakeFiles/Motorsteuerung.dir/C_/Users/yoshi/.pico-sdk/sdk/2.0.0/lib/tinyusb/src/class/vendor/vendor_device.c.obj
                0x100057e0                vendord_reset
 .text.vendord_open
                0x10005818       0xd0 CMakeFiles/Motorsteuerung.dir/C_/Users/yoshi/.pico-sdk/sdk/2.0.0/lib/tinyusb/src/class/vendor/vendor_device.c.obj
                0x10005818                vendord_open
 .text.vendord_xfer_cb
                0x100058e8       0xc8 CMakeFiles/Motorsteuerung.dir/C_/Users/yoshi/.pico-sdk/sdk/2.0.0/lib/tinyusb/src/class/vendor/vendor_device.c.obj
                0x100058e8                vendord_xfer_cb
 .text.tusb_init
                0x100059b0       0x24 CMakeFiles/Motorsteuerung.dir/C_/Users/yoshi/.pico-sdk/sdk/2.0.0/lib/tinyusb/src/tusb.c.obj
                0x100059b0                tusb_init
 .text.tu_edpt_claim
                0x100059d4       0x50 CMakeFiles/Motorsteuerung.dir/C_/Users/yoshi/.pico-sdk/sdk/2.0.0/lib/tinyusb/src/tusb.c.obj
                0x100059d4                tu_edpt_claim
 .text.tu_edpt_release
                0x10005a24       0x38 CMakeFiles/Motorsteuerung.dir/C_/Users/yoshi/.pico-sdk/sdk/2.0.0/lib/tinyusb/src/tusb.c.obj
                0x10005a24                tu_edpt_release
 .text.tu_edpt_validate
                0x10005a5c       0xac CMakeFiles/Motorsteuerung.dir/C_/Users/yoshi/.pico-sdk/sdk/2.0.0/lib/tinyusb/src/tusb.c.obj
                0x10005a5c                tu_edpt_validate
 .text.tu_edpt_bind_driver
                0x10005b08       0x26 CMakeFiles/Motorsteuerung.dir/C_/Users/yoshi/.pico-sdk/sdk/2.0.0/lib/tinyusb/src/tusb.c.obj
                0x10005b08                tu_edpt_bind_driver
 .text.advance_index
                0x10005b2e       0x1a CMakeFiles/Motorsteuerung.dir/C_/Users/yoshi/.pico-sdk/sdk/2.0.0/lib/tinyusb/src/common/tusb_fifo.c.obj
 .text._tu_fifo_peek
                0x10005b48       0x56 CMakeFiles/Motorsteuerung.dir/C_/Users/yoshi/.pico-sdk/sdk/2.0.0/lib/tinyusb/src/common/tusb_fifo.c.obj
 .text._ff_pull_n
                0x10005b9e       0x68 CMakeFiles/Motorsteuerung.dir/C_/Users/yoshi/.pico-sdk/sdk/2.0.0/lib/tinyusb/src/common/tusb_fifo.c.obj
 .text._tu_fifo_peek_n
                0x10005c06       0x6a CMakeFiles/Motorsteuerung.dir/C_/Users/yoshi/.pico-sdk/sdk/2.0.0/lib/tinyusb/src/common/tusb_fifo.c.obj
 .text._tu_fifo_read_n
                0x10005c70       0x4e CMakeFiles/Motorsteuerung.dir/C_/Users/yoshi/.pico-sdk/sdk/2.0.0/lib/tinyusb/src/common/tusb_fifo.c.obj
 .text._ff_push_n
                0x10005cbe       0x68 CMakeFiles/Motorsteuerung.dir/C_/Users/yoshi/.pico-sdk/sdk/2.0.0/lib/tinyusb/src/common/tusb_fifo.c.obj
 .text._tu_fifo_write_n
                0x10005d26       0xf0 CMakeFiles/Motorsteuerung.dir/C_/Users/yoshi/.pico-sdk/sdk/2.0.0/lib/tinyusb/src/common/tusb_fifo.c.obj
 .text.tu_fifo_config
                0x10005e16       0x7c CMakeFiles/Motorsteuerung.dir/C_/Users/yoshi/.pico-sdk/sdk/2.0.0/lib/tinyusb/src/common/tusb_fifo.c.obj
                0x10005e16                tu_fifo_config
 .text.tu_fifo_count
                0x10005e92       0x2a CMakeFiles/Motorsteuerung.dir/C_/Users/yoshi/.pico-sdk/sdk/2.0.0/lib/tinyusb/src/common/tusb_fifo.c.obj
                0x10005e92                tu_fifo_count
 .text.tu_fifo_empty
                0x10005ebc        0xe CMakeFiles/Motorsteuerung.dir/C_/Users/yoshi/.pico-sdk/sdk/2.0.0/lib/tinyusb/src/common/tusb_fifo.c.obj
                0x10005ebc                tu_fifo_empty
 .text.tu_fifo_full
                0x10005eca       0x28 CMakeFiles/Motorsteuerung.dir/C_/Users/yoshi/.pico-sdk/sdk/2.0.0/lib/tinyusb/src/common/tusb_fifo.c.obj
                0x10005eca                tu_fifo_full
 .text.tu_fifo_remaining
                0x10005ef2       0x2c CMakeFiles/Motorsteuerung.dir/C_/Users/yoshi/.pico-sdk/sdk/2.0.0/lib/tinyusb/src/common/tusb_fifo.c.obj
                0x10005ef2                tu_fifo_remaining
 .text.tu_fifo_read
                0x10005f1e       0x42 CMakeFiles/Motorsteuerung.dir/C_/Users/yoshi/.pico-sdk/sdk/2.0.0/lib/tinyusb/src/common/tusb_fifo.c.obj
                0x10005f1e                tu_fifo_read
 .text.tu_fifo_read_n
                0x10005f60        0xa CMakeFiles/Motorsteuerung.dir/C_/Users/yoshi/.pico-sdk/sdk/2.0.0/lib/tinyusb/src/common/tusb_fifo.c.obj
                0x10005f60                tu_fifo_read_n
 .text.tu_fifo_write
                0x10005f6a       0x64 CMakeFiles/Motorsteuerung.dir/C_/Users/yoshi/.pico-sdk/sdk/2.0.0/lib/tinyusb/src/common/tusb_fifo.c.obj
                0x10005f6a                tu_fifo_write
 .text.tu_fifo_write_n
                0x10005fce        0xa CMakeFiles/Motorsteuerung.dir/C_/Users/yoshi/.pico-sdk/sdk/2.0.0/lib/tinyusb/src/common/tusb_fifo.c.obj
                0x10005fce                tu_fifo_write_n
 .text.tu_fifo_clear
                0x10005fd8       0x3e CMakeFiles/Motorsteuerung.dir/C_/Users/yoshi/.pico-sdk/sdk/2.0.0/lib/tinyusb/src/common/tusb_fifo.c.obj
                0x10005fd8                tu_fifo_clear
 .text.tu_fifo_set_overwritable
                0x10006016       0x46 CMakeFiles/Motorsteuerung.dir/C_/Users/yoshi/.pico-sdk/sdk/2.0.0/lib/tinyusb/src/common/tusb_fifo.c.obj
                0x10006016                tu_fifo_set_overwritable
 .text.strlen   0x1000605c       0x5c C:/Users/yoshi/.pico-sdk/toolchain/13_2_Rel1/bin/../lib/gcc/arm-none-eabi/13.2.1/thumb/v6-m/nofp\libg.a(libc_a-strlen-stub.o)
                0x1000605c                strlen
 *(.fini)
 .fini          0x100060b8        0x4 C:/Users/yoshi/.pico-sdk/toolchain/13_2_Rel1/bin/../lib/gcc/arm-none-eabi/13.2.1/thumb/v6-m/nofp/crti.o
                0x100060b8                _fini
 *fill*         0x100060bc        0x4 
 .fini.__stub   0x100060c0       0xd0 linker stubs
 *crtbegin.o(.ctors)
 *crtbegin?.o(.ctors)
 *(EXCLUDE_FILE(*crtend.o *crtend?.o) .ctors)
 *(SORT_BY_NAME(.ctors.*))
 *(.ctors)
 *crtbegin.o(.dtors)
 *crtbegin?.o(.dtors)
 *(EXCLUDE_FILE(*crtend.o *crtend?.o) .dtors)
 *(SORT_BY_NAME(.dtors.*))
 *(.dtors)
                0x10006190                        . = ALIGN (0x4)
                0x10006190                        PROVIDE (__preinit_array_start = .)
 *(SORT_BY_NAME(.preinit_array.*))
 .preinit_array.00100
                0x10006190        0x4 CMakeFiles/Motorsteuerung.dir/C_/Users/yoshi/.pico-sdk/sdk/2.0.0/src/rp2_common/pico_runtime_init/runtime_init.c.obj
                0x10006190                __pre_init_runtime_init_early_resets
 .preinit_array.00101
                0x10006194        0x4 CMakeFiles/Motorsteuerung.dir/C_/Users/yoshi/.pico-sdk/sdk/2.0.0/src/rp2_common/pico_runtime_init/runtime_init.c.obj
                0x10006194                __pre_init_runtime_init_usb_power_down
 .preinit_array.00275
                0x10006198        0x4 CMakeFiles/Motorsteuerung.dir/C_/Users/yoshi/.pico-sdk/sdk/2.0.0/src/rp2_common/pico_bit_ops/bit_ops_aeabi.S.obj
 .preinit_array.00300
                0x1000619c        0x4 CMakeFiles/Motorsteuerung.dir/C_/Users/yoshi/.pico-sdk/sdk/2.0.0/src/rp2_common/pico_mem_ops/mem_ops_aeabi.S.obj
 .preinit_array.00350
                0x100061a0        0x4 CMakeFiles/Motorsteuerung.dir/C_/Users/yoshi/.pico-sdk/sdk/2.0.0/src/rp2_common/pico_double/double_aeabi_rp2040.S.obj
 .preinit_array.00350
                0x100061a4        0x4 CMakeFiles/Motorsteuerung.dir/C_/Users/yoshi/.pico-sdk/sdk/2.0.0/src/rp2_common/pico_float/float_aeabi_rp2040.S.obj
 .preinit_array.00500
                0x100061a8        0x4 CMakeFiles/Motorsteuerung.dir/C_/Users/yoshi/.pico-sdk/sdk/2.0.0/src/rp2_common/pico_runtime_init/runtime_init.c.obj
                0x100061a8                __pre_init_runtime_init_clocks
 .preinit_array.00600
                0x100061ac        0x4 CMakeFiles/Motorsteuerung.dir/C_/Users/yoshi/.pico-sdk/sdk/2.0.0/src/rp2_common/pico_runtime_init/runtime_init.c.obj
                0x100061ac                __pre_init_runtime_init_post_clock_resets
 .preinit_array.00700
                0x100061b0        0x4 CMakeFiles/Motorsteuerung.dir/C_/Users/yoshi/.pico-sdk/sdk/2.0.0/src/rp2_common/pico_runtime_init/runtime_init.c.obj
                0x100061b0                __pre_init_runtime_init_rp2040_gpio_ie_disable
 .preinit_array.01000
                0x100061b4        0x4 CMakeFiles/Motorsteuerung.dir/C_/Users/yoshi/.pico-sdk/sdk/2.0.0/src/rp2_common/pico_runtime_init/runtime_init.c.obj
                0x100061b4                __pre_init_runtime_init_spin_locks_reset
 .preinit_array.01100
                0x100061b8        0x4 CMakeFiles/Motorsteuerung.dir/C_/Users/yoshi/.pico-sdk/sdk/2.0.0/src/common/pico_sync/mutex.c.obj
                0x100061b8                __pre_init_runtime_init_mutex
 .preinit_array.10080
                0x100061bc        0x4 CMakeFiles/Motorsteuerung.dir/C_/Users/yoshi/.pico-sdk/sdk/2.0.0/src/rp2_common/pico_runtime_init/runtime_init.c.obj
                0x100061bc                __pre_init_runtime_init_install_ram_vector_table
 .preinit_array.11000
                0x100061c0        0x4 CMakeFiles/Motorsteuerung.dir/C_/Users/yoshi/.pico-sdk/sdk/2.0.0/src/common/pico_time/time.c.obj
                0x100061c0                __pre_init_runtime_init_default_alarm_pool
 .preinit_array.YYYYY
                0x100061c4        0x4 CMakeFiles/Motorsteuerung.dir/C_/Users/yoshi/.pico-sdk/sdk/2.0.0/src/rp2_common/pico_runtime/runtime.c.obj
                0x100061c4                __pre_init_first_per_core_initializer
 .preinit_array.ZZZZZ.01200
                0x100061c8        0x4 CMakeFiles/Motorsteuerung.dir/C_/Users/yoshi/.pico-sdk/sdk/2.0.0/src/rp2_common/hardware_irq/irq.c.obj
                0x100061c8                __pre_init_runtime_init_per_core_irq_priorities
 *(.preinit_array)
                0x100061cc                        PROVIDE (__preinit_array_end = .)
                0x100061cc                        . = ALIGN (0x4)
                0x100061cc                        PROVIDE (__init_array_start = .)
 *(SORT_BY_NAME(.init_array.*))
 *(.init_array)
 .init_array    0x100061cc        0x4 C:/Users/yoshi/.pico-sdk/toolchain/13_2_Rel1/bin/../lib/gcc/arm-none-eabi/13.2.1/thumb/v6-m/nofp/crtbegin.o
 .init_array    0x100061d0        0x4 CMakeFiles/Motorsteuerung.dir/C_/Users/yoshi/.pico-sdk/sdk/2.0.0/src/rp2_common/pico_unique_id/unique_id.c.obj
                0x100061d4                        PROVIDE (__init_array_end = .)
                0x100061d4                        . = ALIGN (0x4)
                [!provide]                        PROVIDE (__fini_array_start = .)
 *(SORT_BY_NAME(.fini_array.*))
 *(.fini_array)
                [!provide]                        PROVIDE (__fini_array_end = .)
 *(.eh_frame*)
 .eh_frame      0x100061d4        0x0 C:/Users/yoshi/.pico-sdk/toolchain/13_2_Rel1/bin/../lib/gcc/arm-none-eabi/13.2.1/thumb/v6-m/nofp/crtbegin.o
                0x100061d4                        . = ALIGN (0x4)

.glue_7         0x100061d4        0x0
 .glue_7        0x100061d4        0x0 linker stubs

.glue_7t        0x100061d4        0x0
 .glue_7t       0x100061d4        0x0 linker stubs

.vfp11_veneer   0x100061d4        0x0
 .vfp11_veneer  0x100061d4        0x0 linker stubs

.v4_bx          0x100061d4        0x0
 .v4_bx         0x100061d4        0x0 linker stubs

.iplt           0x100061d4        0x0
 .iplt          0x100061d4        0x0 C:/Users/yoshi/.pico-sdk/toolchain/13_2_Rel1/bin/../lib/gcc/arm-none-eabi/13.2.1/thumb/v6-m/nofp/crtbegin.o

.rodata         0x100061d8     0x13cc
 *(EXCLUDE_FILE(*libm.a: *libc.a:*lib_a-mem*.o *libgcc.a:) .rodata*)
 .rodata._Z13set_pwm_levelj.str1.4
                0x100061d8      0xbfb CMakeFiles/Motorsteuerung.dir/Motorsteuerung.cpp.obj
                                 0x11 (size before relaxing)
 .rodata.rp2040_chip_version.str1.4
                0x10006dd3       0x7d CMakeFiles/Motorsteuerung.dir/C_/Users/yoshi/.pico-sdk/sdk/2.0.0/src/rp2040/pico_platform/platform.c.obj
 *fill*         0x10006dd3        0x1 
 .rodata.__func__.0
                0x10006dd4       0x14 CMakeFiles/Motorsteuerung.dir/C_/Users/yoshi/.pico-sdk/sdk/2.0.0/src/rp2040/pico_platform/platform.c.obj
 .rodata.panic.str1.4
                0x10006de8       0x12 CMakeFiles/Motorsteuerung.dir/C_/Users/yoshi/.pico-sdk/sdk/2.0.0/src/rp2_common/pico_platform_panic/panic.c.obj
 .rodata.spin_lock_claim_unused.str1.4
                0x10006de8       0x1b CMakeFiles/Motorsteuerung.dir/C_/Users/yoshi/.pico-sdk/sdk/2.0.0/src/rp2_common/hardware_sync/sync.c.obj
 .rodata.resolve_j_16.str1.4
                0x10006de8       0x5d CMakeFiles/Motorsteuerung.dir/C_/Users/yoshi/.pico-sdk/sdk/2.0.0/src/rp2_common/hardware_irq/irq.c.obj
 .rodata.make_j_16.str1.4
                0x10006de8       0x30 CMakeFiles/Motorsteuerung.dir/C_/Users/yoshi/.pico-sdk/sdk/2.0.0/src/rp2_common/hardware_irq/irq.c.obj
 .rodata.irq_set_exclusive_handler.str1.4
                0x10006de8       0x36 CMakeFiles/Motorsteuerung.dir/C_/Users/yoshi/.pico-sdk/sdk/2.0.0/src/rp2_common/hardware_irq/irq.c.obj
 .rodata.irq_add_shared_handler.str1.4
                0x10006de8       0xd2 CMakeFiles/Motorsteuerung.dir/C_/Users/yoshi/.pico-sdk/sdk/2.0.0/src/rp2_common/hardware_irq/irq.c.obj
 .rodata.irq_add_tail_to_free_list.str1.4
                0x10006de8       0x3a CMakeFiles/Motorsteuerung.dir/C_/Users/yoshi/.pico-sdk/sdk/2.0.0/src/rp2_common/hardware_irq/irq.c.obj
 .rodata.user_irq_claim_unused.str1.4
                0x10006de8       0x1b CMakeFiles/Motorsteuerung.dir/C_/Users/yoshi/.pico-sdk/sdk/2.0.0/src/rp2_common/hardware_irq/irq.c.obj
 .rodata.__func__.0
                0x10006de8       0x1a CMakeFiles/Motorsteuerung.dir/C_/Users/yoshi/.pico-sdk/sdk/2.0.0/src/rp2_common/hardware_irq/irq.c.obj
 *fill*         0x10006e02        0x2 
 .rodata.__func__.3
                0x10006e04        0xa CMakeFiles/Motorsteuerung.dir/C_/Users/yoshi/.pico-sdk/sdk/2.0.0/src/rp2_common/hardware_irq/irq.c.obj
 *fill*         0x10006e0e        0x2 
 .rodata.__func__.4
                0x10006e10        0xd CMakeFiles/Motorsteuerung.dir/C_/Users/yoshi/.pico-sdk/sdk/2.0.0/src/rp2_common/hardware_irq/irq.c.obj
 *fill*         0x10006e1d        0x3 
 .rodata.__func__.5
                0x10006e20       0x17 CMakeFiles/Motorsteuerung.dir/C_/Users/yoshi/.pico-sdk/sdk/2.0.0/src/rp2_common/hardware_irq/irq.c.obj
 *fill*         0x10006e37        0x1 
 .rodata.__func__.6
                0x10006e38       0x1a CMakeFiles/Motorsteuerung.dir/C_/Users/yoshi/.pico-sdk/sdk/2.0.0/src/rp2_common/hardware_irq/irq.c.obj
 .rodata.runtime_init_mutex.str1.4
                0x10006e52       0x60 CMakeFiles/Motorsteuerung.dir/C_/Users/yoshi/.pico-sdk/sdk/2.0.0/src/common/pico_sync/mutex.c.obj
 .rodata.str1.4
                0x10006e52       0x51 CMakeFiles/Motorsteuerung.dir/C_/Users/yoshi/.pico-sdk/sdk/2.0.0/src/common/pico_sync/mutex.c.obj
 *fill*         0x10006e52        0x2 
 .rodata.__func__.1
                0x10006e54        0xb CMakeFiles/Motorsteuerung.dir/C_/Users/yoshi/.pico-sdk/sdk/2.0.0/src/common/pico_sync/mutex.c.obj
 *fill*         0x10006e5f        0x1 
 .rodata.__func__.3
                0x10006e60       0x18 CMakeFiles/Motorsteuerung.dir/C_/Users/yoshi/.pico-sdk/sdk/2.0.0/src/common/pico_sync/mutex.c.obj
 .rodata.__func__.6
                0x10006e78       0x13 CMakeFiles/Motorsteuerung.dir/C_/Users/yoshi/.pico-sdk/sdk/2.0.0/src/common/pico_sync/mutex.c.obj
 .rodata.alarm_pool_irq_handler.str1.4
                0x10006e8b       0x6b CMakeFiles/Motorsteuerung.dir/C_/Users/yoshi/.pico-sdk/sdk/2.0.0/src/common/pico_time/time.c.obj
 .rodata.alarm_pool_get_default.str1.4
                0x10006e8b       0x21 CMakeFiles/Motorsteuerung.dir/C_/Users/yoshi/.pico-sdk/sdk/2.0.0/src/common/pico_time/time.c.obj
 .rodata.sleep_until.str1.4
                0x10006e8b       0x4d CMakeFiles/Motorsteuerung.dir/C_/Users/yoshi/.pico-sdk/sdk/2.0.0/src/common/pico_time/time.c.obj
 *fill*         0x10006e8b        0x1 
 .rodata.__func__.1
                0x10006e8c       0x17 CMakeFiles/Motorsteuerung.dir/C_/Users/yoshi/.pico-sdk/sdk/2.0.0/src/common/pico_time/time.c.obj
 *fill*         0x10006ea3        0x1 
 .rodata.__func__.2
                0x10006ea4       0x17 CMakeFiles/Motorsteuerung.dir/C_/Users/yoshi/.pico-sdk/sdk/2.0.0/src/common/pico_time/time.c.obj
 .rodata.timer_hardware_alarm_claim.str1.4
                0x10006ebb       0x22 CMakeFiles/Motorsteuerung.dir/C_/Users/yoshi/.pico-sdk/sdk/2.0.0/src/rp2_common/hardware_timer/timer.c.obj
 .rodata.pll_init.str1.4
                0x10006ebb      0x11c CMakeFiles/Motorsteuerung.dir/C_/Users/yoshi/.pico-sdk/sdk/2.0.0/src/rp2_common/hardware_pll/pll.c.obj
 *fill*         0x10006ebb        0x1 
 .rodata.__func__.0
                0x10006ebc        0x9 CMakeFiles/Motorsteuerung.dir/C_/Users/yoshi/.pico-sdk/sdk/2.0.0/src/rp2_common/hardware_pll/pll.c.obj
 .rodata.missing_double_func_shim.str1.4
                0x10006ec5       0x18 CMakeFiles/Motorsteuerung.dir/C_/Users/yoshi/.pico-sdk/sdk/2.0.0/src/rp2_common/pico_double/double_init_rom_rp2040.c.obj
 .rodata.__aeabi_double_init.str1.4
                0x10006ec5       0x9b CMakeFiles/Motorsteuerung.dir/C_/Users/yoshi/.pico-sdk/sdk/2.0.0/src/rp2_common/pico_double/double_init_rom_rp2040.c.obj
 *fill*         0x10006ec5        0x3 
 .rodata.__func__.0
                0x10006ec8       0x14 CMakeFiles/Motorsteuerung.dir/C_/Users/yoshi/.pico-sdk/sdk/2.0.0/src/rp2_common/pico_double/double_init_rom_rp2040.c.obj
 .rodata.missing_float_func_shim.str1.4
                0x10006edc        0x1 CMakeFiles/Motorsteuerung.dir/C_/Users/yoshi/.pico-sdk/sdk/2.0.0/src/rp2_common/pico_float/float_init_rom_rp2040.c.obj
 .rodata.__aeabi_float_init.str1.4
                0x10006edc       0x89 CMakeFiles/Motorsteuerung.dir/C_/Users/yoshi/.pico-sdk/sdk/2.0.0/src/rp2_common/pico_float/float_init_rom_rp2040.c.obj
 .rodata.__func__.0
                0x10006edc       0x13 CMakeFiles/Motorsteuerung.dir/C_/Users/yoshi/.pico-sdk/sdk/2.0.0/src/rp2_common/pico_float/float_init_rom_rp2040.c.obj
 .rodata.str1.4
                0x10006eef       0x38 CMakeFiles/Motorsteuerung.dir/C_/Users/yoshi/.pico-sdk/sdk/2.0.0/src/rp2_common/pico_standard_binary_info/standard_binary_info.c.obj
 *fill*         0x10006eef        0x1 
 .rodata.__bi_84
                0x10006ef0        0xc CMakeFiles/Motorsteuerung.dir/C_/Users/yoshi/.pico-sdk/sdk/2.0.0/src/rp2_common/pico_standard_binary_info/standard_binary_info.c.obj
 .rodata.__bi_60
                0x10006efc        0xc CMakeFiles/Motorsteuerung.dir/C_/Users/yoshi/.pico-sdk/sdk/2.0.0/src/rp2_common/pico_standard_binary_info/standard_binary_info.c.obj
 .rodata.__bi_54
                0x10006f08        0xc CMakeFiles/Motorsteuerung.dir/C_/Users/yoshi/.pico-sdk/sdk/2.0.0/src/rp2_common/pico_standard_binary_info/standard_binary_info.c.obj
 .rodata.__bi_48
                0x10006f14        0xc CMakeFiles/Motorsteuerung.dir/C_/Users/yoshi/.pico-sdk/sdk/2.0.0/src/rp2_common/pico_standard_binary_info/standard_binary_info.c.obj
 .rodata.__bi_42
                0x10006f20        0xc CMakeFiles/Motorsteuerung.dir/C_/Users/yoshi/.pico-sdk/sdk/2.0.0/src/rp2_common/pico_standard_binary_info/standard_binary_info.c.obj
 .rodata.__bi_34
                0x10006f2c        0xc CMakeFiles/Motorsteuerung.dir/C_/Users/yoshi/.pico-sdk/sdk/2.0.0/src/rp2_common/pico_standard_binary_info/standard_binary_info.c.obj
 .rodata.__bi_26
                0x10006f38        0xc CMakeFiles/Motorsteuerung.dir/C_/Users/yoshi/.pico-sdk/sdk/2.0.0/src/rp2_common/pico_standard_binary_info/standard_binary_info.c.obj
 .rodata._ftoa.str1.4
                0x10006f44       0x15 CMakeFiles/Motorsteuerung.dir/C_/Users/yoshi/.pico-sdk/sdk/2.0.0/src/rp2_common/pico_printf/printf.c.obj
 .rodata._vsnprintf
                0x10006f44      0x19c CMakeFiles/Motorsteuerung.dir/C_/Users/yoshi/.pico-sdk/sdk/2.0.0/src/rp2_common/pico_printf/printf.c.obj
 .rodata.pow10.0
                0x100070e0       0x50 CMakeFiles/Motorsteuerung.dir/C_/Users/yoshi/.pico-sdk/sdk/2.0.0/src/rp2_common/pico_printf/printf.c.obj
 .rodata.__assert_func.str1.4
                0x10007130       0x43 CMakeFiles/Motorsteuerung.dir/C_/Users/yoshi/.pico-sdk/sdk/2.0.0/src/rp2_common/pico_clib_interface/newlib_interface.c.obj
 .rodata.crlf_str.0
                0x10007130        0x2 CMakeFiles/Motorsteuerung.dir/C_/Users/yoshi/.pico-sdk/sdk/2.0.0/src/rp2_common/pico_stdio/stdio.c.obj
 *fill*         0x10007132        0x2 
 .rodata._resetd_driver
                0x10007134       0x20 CMakeFiles/Motorsteuerung.dir/C_/Users/yoshi/.pico-sdk/sdk/2.0.0/src/rp2_common/pico_stdio_usb/reset_interface.c.obj
 .rodata.desc_ms_os_20
                0x10007154       0xa6 CMakeFiles/Motorsteuerung.dir/C_/Users/yoshi/.pico-sdk/sdk/2.0.0/src/rp2_common/pico_stdio_usb/reset_interface.c.obj
 *fill*         0x100071fa        0x2 
 .rodata.desc_bos
                0x100071fc       0x21 CMakeFiles/Motorsteuerung.dir/C_/Users/yoshi/.pico-sdk/sdk/2.0.0/src/rp2_common/pico_stdio_usb/reset_interface.c.obj
                0x100071fc                desc_bos
 .rodata.stdio_usb_init.str1.4
                0x1000721d       0x55 CMakeFiles/Motorsteuerung.dir/C_/Users/yoshi/.pico-sdk/sdk/2.0.0/src/rp2_common/pico_stdio_usb/stdio_usb.c.obj
 .rodata.str1.4
                0x1000721d       0x13 CMakeFiles/Motorsteuerung.dir/C_/Users/yoshi/.pico-sdk/sdk/2.0.0/src/rp2_common/pico_stdio_usb/stdio_usb.c.obj
 *fill*         0x1000721d        0x3 
 .rodata.__bi_197.1
                0x10007220        0xc CMakeFiles/Motorsteuerung.dir/C_/Users/yoshi/.pico-sdk/sdk/2.0.0/src/rp2_common/pico_stdio_usb/stdio_usb.c.obj
 .rodata.__func__.2
                0x1000722c        0xf CMakeFiles/Motorsteuerung.dir/C_/Users/yoshi/.pico-sdk/sdk/2.0.0/src/rp2_common/pico_stdio_usb/stdio_usb.c.obj
 .rodata.str1.4
                0x1000723b       0x2a CMakeFiles/Motorsteuerung.dir/C_/Users/yoshi/.pico-sdk/sdk/2.0.0/src/rp2_common/pico_stdio_usb/stdio_usb_descriptors.c.obj
 *fill*         0x1000723b        0x1 
 .rodata.usbd_desc_str
                0x1000723c       0x18 CMakeFiles/Motorsteuerung.dir/C_/Users/yoshi/.pico-sdk/sdk/2.0.0/src/rp2_common/pico_stdio_usb/stdio_usb_descriptors.c.obj
 .rodata.usbd_desc_cfg
                0x10007254       0x54 CMakeFiles/Motorsteuerung.dir/C_/Users/yoshi/.pico-sdk/sdk/2.0.0/src/rp2_common/pico_stdio_usb/stdio_usb_descriptors.c.obj
 .rodata.usbd_desc_device
                0x100072a8       0x12 CMakeFiles/Motorsteuerung.dir/C_/Users/yoshi/.pico-sdk/sdk/2.0.0/src/rp2_common/pico_stdio_usb/stdio_usb_descriptors.c.obj
 .rodata.pico_get_unique_board_id_string.str1.4
                0x100072ba       0x55 CMakeFiles/Motorsteuerung.dir/C_/Users/yoshi/.pico-sdk/sdk/2.0.0/src/rp2_common/pico_unique_id/unique_id.c.obj
 *fill*         0x100072ba        0x2 
 .rodata.__func__.0
                0x100072bc       0x20 CMakeFiles/Motorsteuerung.dir/C_/Users/yoshi/.pico-sdk/sdk/2.0.0/src/rp2_common/pico_unique_id/unique_id.c.obj
 .rodata.str1.4
                0x100072dc      0x199 CMakeFiles/Motorsteuerung.dir/C_/Users/yoshi/.pico-sdk/sdk/2.0.0/src/rp2_common/hardware_flash/flash.c.obj
 .rodata.__func__.0
                0x100072dc        0xd CMakeFiles/Motorsteuerung.dir/C_/Users/yoshi/.pico-sdk/sdk/2.0.0/src/rp2_common/hardware_flash/flash.c.obj
 .rodata._hw_endpoint_alloc.str1.4
                0x100072e9       0xbd CMakeFiles/Motorsteuerung.dir/C_/Users/yoshi/.pico-sdk/sdk/2.0.0/lib/tinyusb/src/portable/raspberrypi/rp2040/dcd_rp2040.c.obj
 .rodata.str1.4
                0x100072e9       0x14 CMakeFiles/Motorsteuerung.dir/C_/Users/yoshi/.pico-sdk/sdk/2.0.0/lib/tinyusb/src/portable/raspberrypi/rp2040/dcd_rp2040.c.obj
 .rodata.dcd_int_enable.str1.4
                0x100072e9        0xc CMakeFiles/Motorsteuerung.dir/C_/Users/yoshi/.pico-sdk/sdk/2.0.0/lib/tinyusb/src/portable/raspberrypi/rp2040/dcd_rp2040.c.obj
 *fill*         0x100072e9        0x3 
 .rodata.__func__.0
                0x100072ec        0xe CMakeFiles/Motorsteuerung.dir/C_/Users/yoshi/.pico-sdk/sdk/2.0.0/lib/tinyusb/src/portable/raspberrypi/rp2040/dcd_rp2040.c.obj
 *fill*         0x100072fa        0x2 
 .rodata.__func__.1
                0x100072fc        0xe CMakeFiles/Motorsteuerung.dir/C_/Users/yoshi/.pico-sdk/sdk/2.0.0/lib/tinyusb/src/portable/raspberrypi/rp2040/dcd_rp2040.c.obj
 *fill*         0x1000730a        0x2 
 .rodata.__func__.3
                0x1000730c       0x10 CMakeFiles/Motorsteuerung.dir/C_/Users/yoshi/.pico-sdk/sdk/2.0.0/lib/tinyusb/src/portable/raspberrypi/rp2040/dcd_rp2040.c.obj
 .rodata.__func__.5
                0x1000731c        0xf CMakeFiles/Motorsteuerung.dir/C_/Users/yoshi/.pico-sdk/sdk/2.0.0/lib/tinyusb/src/portable/raspberrypi/rp2040/dcd_rp2040.c.obj
 *fill*         0x1000732b        0x1 
 .rodata.__func__.6
                0x1000732c       0x13 CMakeFiles/Motorsteuerung.dir/C_/Users/yoshi/.pico-sdk/sdk/2.0.0/lib/tinyusb/src/portable/raspberrypi/rp2040/dcd_rp2040.c.obj
 *fill*         0x1000733f        0x1 
 .rodata.__func__.7
                0x10007340        0x9 CMakeFiles/Motorsteuerung.dir/C_/Users/yoshi/.pico-sdk/sdk/2.0.0/lib/tinyusb/src/portable/raspberrypi/rp2040/dcd_rp2040.c.obj
 .rodata.str1.4
                0x10007349       0xe4 CMakeFiles/Motorsteuerung.dir/C_/Users/yoshi/.pico-sdk/sdk/2.0.0/lib/tinyusb/src/portable/raspberrypi/rp2040/rp2040_usb.c.obj
 .rodata.hw_endpoint_xfer_start.str1.4
                0x10007349       0x38 CMakeFiles/Motorsteuerung.dir/C_/Users/yoshi/.pico-sdk/sdk/2.0.0/lib/tinyusb/src/portable/raspberrypi/rp2040/rp2040_usb.c.obj
 *fill*         0x10007349        0x3 
 .rodata.__func__.0
                0x1000734c        0xf CMakeFiles/Motorsteuerung.dir/C_/Users/yoshi/.pico-sdk/sdk/2.0.0/lib/tinyusb/src/portable/raspberrypi/rp2040/rp2040_usb.c.obj
 .rodata.configuration_reset.str1.4
                0x1000735b       0x17 CMakeFiles/Motorsteuerung.dir/C_/Users/yoshi/.pico-sdk/sdk/2.0.0/lib/tinyusb/src/device/usbd.c.obj
 *fill*         0x1000735b        0x1 
 .rodata.process_get_descriptor
                0x1000735c       0x40 CMakeFiles/Motorsteuerung.dir/C_/Users/yoshi/.pico-sdk/sdk/2.0.0/lib/tinyusb/src/device/usbd.c.obj
 .rodata        0x1000739c       0x1c CMakeFiles/Motorsteuerung.dir/C_/Users/yoshi/.pico-sdk/sdk/2.0.0/lib/tinyusb/src/device/usbd.c.obj
 .rodata.process_control_request
                0x100073b8       0x28 CMakeFiles/Motorsteuerung.dir/C_/Users/yoshi/.pico-sdk/sdk/2.0.0/lib/tinyusb/src/device/usbd.c.obj
 .rodata.tud_task_ext
                0x100073e0       0x24 CMakeFiles/Motorsteuerung.dir/C_/Users/yoshi/.pico-sdk/sdk/2.0.0/lib/tinyusb/src/device/usbd.c.obj
 .rodata.__func__.4
                0x10007404        0xf CMakeFiles/Motorsteuerung.dir/C_/Users/yoshi/.pico-sdk/sdk/2.0.0/lib/tinyusb/src/device/usbd.c.obj
 *fill*         0x10007413        0x1 
 .rodata.__func__.5
                0x10007414        0xf CMakeFiles/Motorsteuerung.dir/C_/Users/yoshi/.pico-sdk/sdk/2.0.0/lib/tinyusb/src/device/usbd.c.obj
 *fill*         0x10007423        0x1 
 .rodata.__func__.6
                0x10007424       0x14 CMakeFiles/Motorsteuerung.dir/C_/Users/yoshi/.pico-sdk/sdk/2.0.0/lib/tinyusb/src/device/usbd.c.obj
 .rodata.__func__.7
                0x10007438        0xc CMakeFiles/Motorsteuerung.dir/C_/Users/yoshi/.pico-sdk/sdk/2.0.0/lib/tinyusb/src/device/usbd.c.obj
 .rodata.__func__.8
                0x10007444       0x17 CMakeFiles/Motorsteuerung.dir/C_/Users/yoshi/.pico-sdk/sdk/2.0.0/lib/tinyusb/src/device/usbd.c.obj
 *fill*         0x1000745b        0x1 
 .rodata.__func__.9
                0x1000745c       0x13 CMakeFiles/Motorsteuerung.dir/C_/Users/yoshi/.pico-sdk/sdk/2.0.0/lib/tinyusb/src/device/usbd.c.obj
 *fill*         0x1000746f        0x1 
 .rodata.__func__.10
                0x10007470       0x18 CMakeFiles/Motorsteuerung.dir/C_/Users/yoshi/.pico-sdk/sdk/2.0.0/lib/tinyusb/src/device/usbd.c.obj
 .rodata.__func__.11
                0x10007488       0x14 CMakeFiles/Motorsteuerung.dir/C_/Users/yoshi/.pico-sdk/sdk/2.0.0/lib/tinyusb/src/device/usbd.c.obj
 .rodata.__func__.12
                0x1000749c        0xd CMakeFiles/Motorsteuerung.dir/C_/Users/yoshi/.pico-sdk/sdk/2.0.0/lib/tinyusb/src/device/usbd.c.obj
 *fill*         0x100074a9        0x3 
 .rodata.__func__.13
                0x100074ac        0x9 CMakeFiles/Motorsteuerung.dir/C_/Users/yoshi/.pico-sdk/sdk/2.0.0/lib/tinyusb/src/device/usbd.c.obj
 *fill*         0x100074b5        0x3 
 .rodata._usbd_driver
                0x100074b8       0x40 CMakeFiles/Motorsteuerung.dir/C_/Users/yoshi/.pico-sdk/sdk/2.0.0/lib/tinyusb/src/device/usbd.c.obj
 .rodata.tud_control_xfer.str1.4
                0x100074f8       0x17 CMakeFiles/Motorsteuerung.dir/C_/Users/yoshi/.pico-sdk/sdk/2.0.0/lib/tinyusb/src/device/usbd_control.c.obj
 .rodata.__func__.0
                0x100074f8       0x15 CMakeFiles/Motorsteuerung.dir/C_/Users/yoshi/.pico-sdk/sdk/2.0.0/lib/tinyusb/src/device/usbd_control.c.obj
 *fill*         0x1000750d        0x3 
 .rodata.__func__.1
                0x10007510       0x11 CMakeFiles/Motorsteuerung.dir/C_/Users/yoshi/.pico-sdk/sdk/2.0.0/lib/tinyusb/src/device/usbd_control.c.obj
 .rodata.tud_cdc_n_write_flush.str1.4
                0x10007521       0x17 CMakeFiles/Motorsteuerung.dir/C_/Users/yoshi/.pico-sdk/sdk/2.0.0/lib/tinyusb/src/class/cdc/cdc_device.c.obj
 *fill*         0x10007521        0x3 
 .rodata.__func__.0
                0x10007524        0xd CMakeFiles/Motorsteuerung.dir/C_/Users/yoshi/.pico-sdk/sdk/2.0.0/lib/tinyusb/src/class/cdc/cdc_device.c.obj
 *fill*         0x10007531        0x3 
 .rodata.__func__.1
                0x10007534        0xa CMakeFiles/Motorsteuerung.dir/C_/Users/yoshi/.pico-sdk/sdk/2.0.0/lib/tinyusb/src/class/cdc/cdc_device.c.obj
 *fill*         0x1000753e        0x2 
 .rodata.__func__.3
                0x10007540       0x16 CMakeFiles/Motorsteuerung.dir/C_/Users/yoshi/.pico-sdk/sdk/2.0.0/lib/tinyusb/src/class/cdc/cdc_device.c.obj
 .rodata.tud_vendor_n_write_flush.str1.4
                0x10007556       0x17 CMakeFiles/Motorsteuerung.dir/C_/Users/yoshi/.pico-sdk/sdk/2.0.0/lib/tinyusb/src/class/vendor/vendor_device.c.obj
 *fill*         0x10007556        0x2 
 .rodata.__func__.0
                0x10007558        0xd CMakeFiles/Motorsteuerung.dir/C_/Users/yoshi/.pico-sdk/sdk/2.0.0/lib/tinyusb/src/class/vendor/vendor_device.c.obj
 *fill*         0x10007565        0x3 
 .rodata.__func__.2
                0x10007568       0x19 CMakeFiles/Motorsteuerung.dir/C_/Users/yoshi/.pico-sdk/sdk/2.0.0/lib/tinyusb/src/class/vendor/vendor_device.c.obj
 .rodata.tusb_init.str1.4
                0x10007581       0x17 CMakeFiles/Motorsteuerung.dir/C_/Users/yoshi/.pico-sdk/sdk/2.0.0/lib/tinyusb/src/tusb.c.obj
 *fill*         0x10007581        0x3 
 .rodata.__func__.3
                0x10007584       0x11 CMakeFiles/Motorsteuerung.dir/C_/Users/yoshi/.pico-sdk/sdk/2.0.0/lib/tinyusb/src/tusb.c.obj
 *fill*         0x10007595        0x3 
 .rodata.__func__.4
                0x10007598        0xa CMakeFiles/Motorsteuerung.dir/C_/Users/yoshi/.pico-sdk/sdk/2.0.0/lib/tinyusb/src/tusb.c.obj
                0x100075a4                        . = ALIGN (0x4)
 *fill*         0x100075a2        0x2 
 *(SORT_BY_ALIGNMENT(SORT_BY_NAME(.flashdata*)))
                0x100075a4                        . = ALIGN (0x4)

.ARM.extab
 *(.ARM.extab* .gnu.linkonce.armextab.*)
                0x100075a4                        __exidx_start = .

.ARM.exidx
 *(.ARM.exidx* .gnu.linkonce.armexidx.*)
                0x100075a4                        __exidx_end = .
                0x100075a4                        . = ALIGN (0x4)
                0x100075a4                        __binary_info_start = .

.binary_info    0x100075a4       0x20
 *(.binary_info.keep.*)
 .binary_info.keep.__bi_ptr84
                0x100075a4        0x4 CMakeFiles/Motorsteuerung.dir/C_/Users/yoshi/.pico-sdk/sdk/2.0.0/src/rp2_common/pico_standard_binary_info/standard_binary_info.c.obj
 .binary_info.keep.__bi_ptr60
                0x100075a8        0x4 CMakeFiles/Motorsteuerung.dir/C_/Users/yoshi/.pico-sdk/sdk/2.0.0/src/rp2_common/pico_standard_binary_info/standard_binary_info.c.obj
 .binary_info.keep.__bi_ptr54
                0x100075ac        0x4 CMakeFiles/Motorsteuerung.dir/C_/Users/yoshi/.pico-sdk/sdk/2.0.0/src/rp2_common/pico_standard_binary_info/standard_binary_info.c.obj
 .binary_info.keep.__bi_ptr48
                0x100075b0        0x4 CMakeFiles/Motorsteuerung.dir/C_/Users/yoshi/.pico-sdk/sdk/2.0.0/src/rp2_common/pico_standard_binary_info/standard_binary_info.c.obj
 .binary_info.keep.__bi_ptr42
                0x100075b4        0x4 CMakeFiles/Motorsteuerung.dir/C_/Users/yoshi/.pico-sdk/sdk/2.0.0/src/rp2_common/pico_standard_binary_info/standard_binary_info.c.obj
 .binary_info.keep.__bi_ptr34
                0x100075b8        0x4 CMakeFiles/Motorsteuerung.dir/C_/Users/yoshi/.pico-sdk/sdk/2.0.0/src/rp2_common/pico_standard_binary_info/standard_binary_info.c.obj
 .binary_info.keep.__bi_ptr26
                0x100075bc        0x4 CMakeFiles/Motorsteuerung.dir/C_/Users/yoshi/.pico-sdk/sdk/2.0.0/src/rp2_common/pico_standard_binary_info/standard_binary_info.c.obj
 *(.binary_info.*)
 .binary_info.__bi_ptr197
                0x100075c0        0x4 CMakeFiles/Motorsteuerung.dir/C_/Users/yoshi/.pico-sdk/sdk/2.0.0/src/rp2_common/pico_stdio_usb/stdio_usb.c.obj
                0x100075c4                        __binary_info_end = .

.rel.dyn        0x100075c4        0x0
 .rel.iplt      0x100075c4        0x0 C:/Users/yoshi/.pico-sdk/toolchain/13_2_Rel1/bin/../lib/gcc/arm-none-eabi/13.2.1/thumb/v6-m/nofp/crtbegin.o
                0x100075c4                        . = ALIGN (0x4)

.ram_vector_table
                0x20000000       0xc0
 *(.ram_vector_table)
 .ram_vector_table
                0x20000000       0xc0 CMakeFiles/Motorsteuerung.dir/C_/Users/yoshi/.pico-sdk/sdk/2.0.0/src/rp2_common/pico_runtime_init/runtime_init.c.obj
                0x20000000                ram_vector_table

.uninitialized_data
                0x200000c0        0x0
                0x200000c0                        . = ALIGN (0x4)
 *(.uninitialized_data*)

.data           0x200000c0      0xbd0 load address 0x100075c4
                0x200000c0                        __data_start__ = .
 *(vtable)
 *(.time_critical*)
 .time_critical.mutex_try_enter
                0x200000c0       0x48 CMakeFiles/Motorsteuerung.dir/C_/Users/yoshi/.pico-sdk/sdk/2.0.0/src/common/pico_sync/mutex.c.obj
                0x200000c0                mutex_try_enter
 .time_critical.mutex_enter_block_until
                0x20000108       0x90 CMakeFiles/Motorsteuerung.dir/C_/Users/yoshi/.pico-sdk/sdk/2.0.0/src/common/pico_sync/mutex.c.obj
                0x20000108                mutex_enter_block_until
 .time_critical.mutex_try_enter_block_until
                0x20000198       0x34 CMakeFiles/Motorsteuerung.dir/C_/Users/yoshi/.pico-sdk/sdk/2.0.0/src/common/pico_sync/mutex.c.obj
                0x20000198                mutex_try_enter_block_until
 .time_critical.mutex_enter_timeout_ms
                0x200001cc       0x3c CMakeFiles/Motorsteuerung.dir/C_/Users/yoshi/.pico-sdk/sdk/2.0.0/src/common/pico_sync/mutex.c.obj
                0x200001cc                mutex_enter_timeout_ms
 .time_critical.mutex_exit
                0x20000208       0x4c CMakeFiles/Motorsteuerung.dir/C_/Users/yoshi/.pico-sdk/sdk/2.0.0/src/common/pico_sync/mutex.c.obj
                0x20000208                mutex_exit
 .time_critical.flash_init_boot2_copyout
                0x20000254       0x30 CMakeFiles/Motorsteuerung.dir/C_/Users/yoshi/.pico-sdk/sdk/2.0.0/src/rp2_common/hardware_flash/flash.c.obj
 .time_critical.flash_enable_xip_via_boot2
                0x20000284        0xc CMakeFiles/Motorsteuerung.dir/C_/Users/yoshi/.pico-sdk/sdk/2.0.0/src/rp2_common/hardware_flash/flash.c.obj
 .time_critical.flash_cs_force
                0x20000290       0x28 CMakeFiles/Motorsteuerung.dir/C_/Users/yoshi/.pico-sdk/sdk/2.0.0/src/rp2_common/hardware_flash/flash.c.obj
 .time_critical.flash_do_cmd
                0x200002b8       0xd8 CMakeFiles/Motorsteuerung.dir/C_/Users/yoshi/.pico-sdk/sdk/2.0.0/src/rp2_common/hardware_flash/flash.c.obj
                0x200002b8                flash_do_cmd
 .time_critical.reset_non_control_endpoints
                0x20000390       0x40 CMakeFiles/Motorsteuerung.dir/C_/Users/yoshi/.pico-sdk/sdk/2.0.0/lib/tinyusb/src/portable/raspberrypi/rp2040/dcd_rp2040.c.obj
 .time_critical.hw_handle_buff_status
                0x200003d0       0xa4 CMakeFiles/Motorsteuerung.dir/C_/Users/yoshi/.pico-sdk/sdk/2.0.0/lib/tinyusb/src/portable/raspberrypi/rp2040/dcd_rp2040.c.obj
 .time_critical.dcd_rp2040_irq
                0x20000474      0x22c CMakeFiles/Motorsteuerung.dir/C_/Users/yoshi/.pico-sdk/sdk/2.0.0/lib/tinyusb/src/portable/raspberrypi/rp2040/dcd_rp2040.c.obj
 .time_critical.prepare_ep_buffer
                0x200006a0       0x6c CMakeFiles/Motorsteuerung.dir/C_/Users/yoshi/.pico-sdk/sdk/2.0.0/lib/tinyusb/src/portable/raspberrypi/rp2040/rp2040_usb.c.obj
 .time_critical.e15_is_bulkin_ep
                0x2000070c       0x2c CMakeFiles/Motorsteuerung.dir/C_/Users/yoshi/.pico-sdk/sdk/2.0.0/lib/tinyusb/src/portable/raspberrypi/rp2040/rp2040_usb.c.obj
 .time_critical.e15_is_critical_frame_period